Component: ARM Compiler 5.06 update 7 (build 960) Tool: armlink [4d3601]

==============================================================================

Section Cross References

    main.o(i.all_Init) refers to misc.o(i.NVIC_PriorityGroupConfig) for NVIC_PriorityGroupConfig
    main.o(i.all_Init) refers to delay.o(i.delay_init) for delay_init
    main.o(i.all_Init) refers to gpio.o(i.GPIO_In_Init) for GPIO_In_Init
    main.o(i.all_Init) refers to usart.o(i.uart_init) for uart_init
    main.o(i.all_Init) refers to lora_usart2.o(i.LORA_USART2_init) for LORA_USART2_init
    main.o(i.all_Init) refers to jy901_usart3.o(i.JY901_USART3_init) for JY901_USART3_init
    main.o(i.all_Init) refers to pan_tilt.o(i.Pan_Tilt_TIM4_PWM_Init) for Pan_Tilt_TIM4_PWM_Init
    main.o(i.all_Init) refers to moto_ctrl.o(i.pid_first_param_init) for pid_first_param_init
    main.o(i.all_Init) refers to leg_control.o(i.TIM3_PWM_Init) for TIM3_PWM_Init
    main.o(i.all_Init) refers to can.o(i.CAN_Mode_Init) for CAN_Mode_Init
    main.o(i.all_Init) refers to moto_ctrl.o(i.TIM1_Init_Clock) for TIM1_Init_Clock
    main.o(i.all_Init) refers to dht11.o(i.DHT11_Init) for DHT11_Init
    main.o(i.all_Init) refers to adc.o(i.Adc_Init) for Adc_Init
    main.o(i.all_Init) refers to oled.o(i.OLED_Init) for OLED_Init
    main.o(i.main) refers to main.o(i.all_Init) for all_Init
    main.o(i.main) refers to tasks.o(i.xTaskCreate) for xTaskCreate
    main.o(i.main) refers to tasks.o(i.vTaskStartScheduler) for vTaskStartScheduler
    main.o(i.main) refers to main.o(.data) for StartTask_Handler
    main.o(i.main) refers to main.o(i.start_task) for start_task
    main.o(i.start_task) refers to port.o(i.vPortEnterCritical) for vPortEnterCritical
    main.o(i.start_task) refers to tasks.o(i.xTaskCreate) for xTaskCreate
    main.o(i.start_task) refers to tasks.o(i.vTaskDelete) for vTaskDelete
    main.o(i.start_task) refers to port.o(i.vPortExitCritical) for vPortExitCritical
    main.o(i.start_task) refers to main.o(.data) for Task1Task_Handler
    main.o(i.start_task) refers to main.o(i.task1_task) for task1_task
    main.o(i.start_task) refers to leg_control.o(i.Leg_Control_task) for Leg_Control_task
    main.o(i.start_task) refers to systemcontrol.o(i.Remote_Control_task) for Remote_Control_task
    main.o(i.start_task) refers to pan_tilt.o(i.PAN_TILT_task) for PAN_TILT_task
    main.o(i.start_task) refers to systemcontrol.o(i.UPDTAT_task) for UPDTAT_task
    main.o(i.start_task) refers to systemcontrol.o(i.OLED_task) for OLED_task
    main.o(i.task1_task) refers to tasks.o(i.vTaskDelay) for vTaskDelay
    system_stm32f10x.o(i.SetSysClock) refers to system_stm32f10x.o(i.SetSysClockTo72) for SetSysClockTo72
    system_stm32f10x.o(i.SystemCoreClockUpdate) refers to system_stm32f10x.o(.data) for SystemCoreClock
    system_stm32f10x.o(i.SystemInit) refers to system_stm32f10x.o(i.SetSysClock) for SetSysClock
    delay.o(i.SysTick_Handler) refers to tasks.o(i.xTaskGetSchedulerState) for xTaskGetSchedulerState
    delay.o(i.SysTick_Handler) refers to port.o(i.xPortSysTickHandler) for xPortSysTickHandler
    delay.o(i.delay_init) refers to misc.o(i.SysTick_CLKSourceConfig) for SysTick_CLKSourceConfig
    delay.o(i.delay_init) refers to system_stm32f10x.o(.data) for SystemCoreClock
    delay.o(i.delay_init) refers to delay.o(.data) for fac_us
    delay.o(i.delay_ms) refers to tasks.o(i.xTaskGetSchedulerState) for xTaskGetSchedulerState
    delay.o(i.delay_ms) refers to tasks.o(i.vTaskDelay) for vTaskDelay
    delay.o(i.delay_ms) refers to delay.o(i.delay_us) for delay_us
    delay.o(i.delay_ms) refers to delay.o(.data) for fac_ms
    delay.o(i.delay_us) refers to delay.o(.data) for fac_us
    delay.o(i.delay_xms) refers to delay.o(i.delay_us) for delay_us
    usart.o(i.DMA1_Channel4_IRQHandler) refers (Special) to use_no_semi_2.o(.text) for __use_no_semihosting
    usart.o(i.DMA1_Channel4_IRQHandler) refers to stm32f10x_dma.o(i.DMA_GetITStatus) for DMA_GetITStatus
    usart.o(i.DMA1_Channel4_IRQHandler) refers to stm32f10x_dma.o(i.DMA_ClearITPendingBit) for DMA_ClearITPendingBit
    usart.o(i.DMA1_Channel4_IRQHandler) refers to stm32f10x_dma.o(i.DMA_Cmd) for DMA_Cmd
    usart.o(i.DMA1_Channel4_IRQHandler) refers to usart.o(.data) for uart1_send_flag
    usart.o(i.USART1_IRQHandler) refers (Special) to use_no_semi_2.o(.text) for __use_no_semihosting
    usart.o(i.USART1_IRQHandler) refers to stm32f10x_usart.o(i.USART_GetITStatus) for USART_GetITStatus
    usart.o(i.USART1_IRQHandler) refers to stm32f10x_usart.o(i.USART_ReceiveData) for USART_ReceiveData
    usart.o(i.USART1_IRQHandler) refers to usart.o(i.USART1_Receive_Prepare) for USART1_Receive_Prepare
    usart.o(i.USART1_Receive_Data) refers (Special) to use_no_semi_2.o(.text) for __use_no_semihosting
    usart.o(i.USART1_Receive_Data) refers to usart.o(.bss) for USART1_APP_Date
    usart.o(i.USART1_Receive_Data) refers to systemcontrol.o(.data) for APP_Time_Reset
[...]
    __user_setup_stackheap                   0x080006b5   Thumb Code    74  sys_stackheap_outer.o(.text)
    exit                                     0x080006ff   Thumb Code    18  exit.o(.text)
    ADC_Cmd                                  0x08000711   Thumb Code    22  stm32f10x_adc.o(i.ADC_Cmd)
    ADC_DeInit                               0x08000729   Thumb Code    78  stm32f10x_adc.o(i.ADC_DeInit)
    ADC_GetCalibrationStatus                 0x08000785   Thumb Code    20  stm32f10x_adc.o(i.ADC_GetCalibrationStatus)
    ADC_GetConversionValue                   0x08000799   Thumb Code     8  stm32f10x_adc.o(i.ADC_GetConversionValue)
    ADC_GetFlagStatus                        0x080007a1   Thumb Code    18  stm32f10x_adc.o(i.ADC_GetFlagStatus)
    ADC_GetResetCalibrationStatus            0x080007b3   Thumb Code    20  stm32f10x_adc.o(i.ADC_GetResetCalibrationStatus)
    ADC_Init                                 0x080007c9   Thumb Code    70  stm32f10x_adc.o(i.ADC_Init)
    ADC_RegularChannelConfig                 0x08000819   Thumb Code   184  stm32f10x_adc.o(i.ADC_RegularChannelConfig)
    ADC_ResetCalibration                     0x080008d1   Thumb Code    10  stm32f10x_adc.o(i.ADC_ResetCalibration)
    ADC_SoftwareStartConvCmd                 0x080008db   Thumb Code    22  stm32f10x_adc.o(i.ADC_SoftwareStartConvCmd)
    ADC_StartCalibration                     0x080008f1   Thumb Code    10  stm32f10x_adc.o(i.ADC_StartCalibration)
    APP_Control                              0x080008fd   Thumb Code   242  systemcontrol.o(i.APP_Control)
    APP_Read                                 0x08000a35   Thumb Code    86  systemcontrol.o(i.APP_Read)
    Adc_Init                                 0x08000aad   Thumb Code   148  adc.o(i.Adc_Init)
    Balance_pin                              0x08000b49   Thumb Code   174  pid.o(i.Balance_pin)
    BusFault_Handler                         0x08000c0d   Thumb Code     4  stm32f10x_it.o(i.BusFault_Handler)
    CAN_FilterInit                           0x08000c11   Thumb Code   258  stm32f10x_can.o(i.CAN_FilterInit)
    CAN_ITConfig                             0x08000d19   Thumb Code    18  stm32f10x_can.o(i.CAN_ITConfig)
    CAN_Init                                 0x08000d2b   Thumb Code   276  stm32f10x_can.o(i.CAN_Init)
    CAN_Mode_Init                            0x08000e41   Thumb Code   240  can.o(i.CAN_Mode_Init)
    CAN_Receive                              0x08000f39   Thumb Code   240  stm32f10x_can.o(i.CAN_Receive)
    CAN_Transmit                             0x08001029   Thumb Code   294  stm32f10x_can.o(i.CAN_Transmit)
    CAN_TransmitStatus                       0x08001151   Thumb Code   138  stm32f10x_can.o(i.CAN_TransmitStatus)
    DHT11_Check                              0x080011f1   Thumb Code    92  dht11.o(i.DHT11_Check)
    DHT11_Init                               0x08001255   Thumb Code    58  dht11.o(i.DHT11_Init)
    DHT11_Read_Bit                           0x08001295   Thumb Code    70  dht11.o(i.DHT11_Read_Bit)
    DHT11_Read_Byte                          0x080012e1   Thumb Code    30  dht11.o(i.DHT11_Read_Byte)
    DHT11_Read_Data                          0x080012ff   Thumb Code    88  dht11.o(i.DHT11_Read_Data)
    DHT11_Rst                                0x08001359   Thumb Code    52  dht11.o(i.DHT11_Rst)
    DMA1_Channel4_IRQHandler                 0x08001399   Thumb Code    36  usart.o(i.DMA1_Channel4_IRQHandler)
    DMA_ClearITPendingBit                    0x080013c5   Thumb Code    18  stm32f10x_dma.o(i.DMA_ClearITPendingBit)
    DMA_Cmd                                  0x080013e1   Thumb Code    24  stm32f10x_dma.o(i.DMA_Cmd)
    DMA_DeInit                               0x080013f9   Thumb Code   324  stm32f10x_dma.o(i.DMA_DeInit)
    DMA_GetCurrDataCounter                   0x08001545   Thumb Code     8  stm32f10x_dma.o(i.DMA_GetCurrDataCounter)
    DMA_GetITStatus                          0x0800154d   Thumb Code    36  stm32f10x_dma.o(i.DMA_GetITStatus)
    DMA_ITConfig                             0x08001579   Thumb Code    18  stm32f10x_dma.o(i.DMA_ITConfig)
    DMA_Init                                 0x0800158b   Thumb Code    60  stm32f10x_dma.o(i.DMA_Init)
    DMA_SetCurrDataCounter                   0x080015c7   Thumb Code     4  stm32f10x_dma.o(i.DMA_SetCurrDataCounter)
    DebugMon_Handler                         0x080015cb   Thumb Code     2  stm32f10x_it.o(i.DebugMon_Handler)
    GPIO_In_Init                             0x080015cd   Thumb Code    34  gpio.o(i.GPIO_In_Init)
    GPIO_Init                                0x080015f5   Thumb Code   278  stm32f10x_gpio.o(i.GPIO_Init)
    GPIO_PinRemapConfig                      0x0800170d   Thumb Code   138  stm32f10x_gpio.o(i.GPIO_PinRemapConfig)
    GPIO_ResetBits                           0x0800179d   Thumb Code     4  stm32f10x_gpio.o(i.GPIO_ResetBits)
    GPIO_SetBits                             0x080017a1   Thumb Code     4  stm32f10x_gpio.o(i.GPIO_SetBits)
    Get_Adc                                  0x080017a5   Thumb Code    70  adc.o(i.Get_Adc)
    Get_Air_Quality_Average                  0x080017f1   Thumb Code    82  adc.o(i.Get_Air_Quality_Average)
    Get_Electric_Quantity_12_Average         0x08001851   Thumb Code   156  adc.o(i.Get_Electric_Quantity_12_Average)
    Get_Electric_Quantity_24_Average         0x08001915   Thumb Code   128  adc.o(i.Get_Electric_Quantity_24_Average)
    HAL_CAN_Rx_deal                          0x080019a5   Thumb Code   194  can.o(i.HAL_CAN_Rx_deal)
    HardFault_Handler                        0x08001a79   Thumb Code     4  stm32f10x_it.o(i.HardFault_Handler)
    Height_pid                               0x08001a7d   Thumb Code   200  pid.o(i.Height_pid)
    JY901_USART3_init                        0x08001b55   Thumb Code   252  jy901_usart3.o(i.JY901_USART3_init)
    JY910_Set                                0x08001c61   Thumb Code   234  jy901_usart3.o(i.JY910_Set)
    LORA_Read                                0x08001d71   Thumb Code   236  systemcontrol.o(i.LORA_Read)
    LORA_USART2_init                         0x08001e7d   Thumb Code   164  lora_usart2.o(i.LORA_USART2_init)
    Leg_Balance_average_filter               0x08001f29   Thumb Code    76  systemcontrol.o(i.Leg_Balance_average_filter)
    Leg_Control_task                         0x08001f7d   Thumb Code   138  leg_control.o(i.Leg_Control_task)
    Leg_Left_Height                          0x0800202d   Thumb Code   660  leg_control.o(i.Leg_Left_Height)
    Leg_Right_Height                         0x08002321   Thumb Code   642  leg_control.o(i.Leg_Right_Height)
    LoRa_Control                             0x080025fd   Thumb Code   518  systemcontrol.o(i.LoRa_Control)
    MemManage_Handler                        0x08002871   Thumb Code     4  stm32f10x_it.o(i.MemManage_Handler)
    NMI_Handler                              0x08002875   Thumb Code     2  stm32f10x_it.o(i.NMI_Handler)
    NVIC_Init                                0x08002879   Thumb Code   100  misc.o(i.NVIC_Init)
    NVIC_PriorityGroupConfig                 0x080028e9   Thumb Code    10  misc.o(i.NVIC_PriorityGroupConfig)
    OLED_Clear                               0x080028fd   Thumb Code    62  oled.o(i.OLED_Clear)
    OLED_Float                               0x0800293d   Thumb Code   442  oled.o(i.OLED_Float)
    OLED_IIC_Start                           0x08002afd   Thumb Code    36  oled.o(i.OLED_IIC_Start)
    OLED_IIC_Stop                            0x08002b25   Thumb Code    28  oled.o(i.OLED_IIC_Stop)
    OLED_IIC_Wait_Ack                        0x08002b45   Thumb Code    20  oled.o(i.OLED_IIC_Wait_Ack)
    OLED_Init                                0x08002b5d   Thumb Code   282  oled.o(i.OLED_Init)
    OLED_Set_Pos                             0x08002c81   Thumb Code    40  oled.o(i.OLED_Set_Pos)
    OLED_ShowChar                            0x08002ca9   Thumb Code   154  oled.o(i.OLED_ShowChar)
    OLED_ShowNumber                          0x08002d4d   Thumb Code   136  oled.o(i.OLED_ShowNumber)
    OLED_ShowString                          0x08002dd5   Thumb Code    54  oled.o(i.OLED_ShowString)
    OLED_WR_Byte                             0x08002e0b   Thumb Code    24  oled.o(i.OLED_WR_Byte)
    OLED_Write_IIC_Byte                      0x08002e25   Thumb Code    80  oled.o(i.OLED_Write_IIC_Byte)
    OLED_Write_IIC_Command                   0x08002e79   Thumb Code    44  oled.o(i.OLED_Write_IIC_Command)
    OLED_Write_IIC_Data                      0x08002ea5   Thumb Code    44  oled.o(i.OLED_Write_IIC_Data)
    OLED_task                                0x08002ed1   Thumb Code   320  systemcontrol.o(i.OLED_task)
    PAN_TILT_task                            0x08003075   Thumb Code   176  pan_tilt.o(i.PAN_TILT_task)
    PID_struct_init                          0x08003141   Thumb Code    50  pid.o(i.PID_struct_init)
    Pan_Tilt_TIM4_PWM_Init                   0x0800317d   Thumb Code   160  pan_tilt.o(i.Pan_Tilt_TIM4_PWM_Init)
    Pick_Up                                  0x08003225   Thumb Code   102  moto_ctrl.o(i.Pick_Up)
    RCC_ADCCLKConfig                         0x08003299   Thumb Code    18  stm32f10x_rcc.o(i.RCC_ADCCLKConfig)
    RCC_AHBPeriphClockCmd                    0x080032b1   Thumb Code    26  stm32f10x_rcc.o(i.RCC_AHBPeriphClockCmd)
    RCC_APB1PeriphClockCmd                   0x080032d1   Thumb Code    26  stm32f10x_rcc.o(i.RCC_APB1PeriphClockCmd)
    RCC_APB2PeriphClockCmd                   0x080032f1   Thumb Code    26  stm32f10x_rcc.o(i.RCC_APB2PeriphClockCmd)
    RCC_APB2PeriphResetCmd                   0x08003311   Thumb Code    26  stm32f10x_rcc.o(i.RCC_APB2PeriphResetCmd)
    RCC_GetClocksFreq                        0x08003331   Thumb Code   192  stm32f10x_rcc.o(i.RCC_GetClocksFreq)
    R_Pot_Leg_Height_average_filter          0x08003405   Thumb Code    74  systemcontrol.o(i.R_Pot_Leg_Height_average_filter)
    Remote_Control_task                      0x0800345d   Thumb Code    54  systemcontrol.o(i.Remote_Control_task)
    Set_Median_Height                        0x08003585   Thumb Code    70  moto_ctrl.o(i.Set_Median_Height)
    Start_Up                                 0x080035e5   Thumb Code    72  moto_ctrl.o(i.Start_Up)
    SysTick_CLKSourceConfig                  0x08003641   Thumb Code    40  misc.o(i.SysTick_CLKSourceConfig)
    SysTick_Handler                          0x08003669   Thumb Code    16  delay.o(i.SysTick_Handler)
    SystemInit                               0x08003679   Thumb Code    78  system_stm32f10x.o(i.SystemInit)
    TIM1_Init_Clock                          0x080036d9   Thumb Code   100  moto_ctrl.o(i.TIM1_Init_Clock)
    TIM1_UP_IRQHandler                       0x08003741   Thumb Code    28  moto_ctrl.o(i.TIM1_UP_IRQHandler)
    TIM3_PWM_Init                            0x08003761   Thumb Code   236  leg_control.o(i.TIM3_PWM_Init)
    TIM_ARRPreloadConfig                     0x08003859   Thumb Code    24  stm32f10x_tim.o(i.TIM_ARRPreloadConfig)
    TIM_ClearFlag                            0x08003871   Thumb Code     6  stm32f10x_tim.o(i.TIM_ClearFlag)
    TIM_ClearITPendingBit                    0x08003877   Thumb Code     6  stm32f10x_tim.o(i.TIM_ClearITPendingBit)
    TIM_Cmd                                  0x0800387d   Thumb Code    24  stm32f10x_tim.o(i.TIM_Cmd)
    TIM_GetITStatus                          0x08003895   Thumb Code    34  stm32f10x_tim.o(i.TIM_GetITStatus)
    TIM_ITConfig                             0x080038b7   Thumb Code    18  stm32f10x_tim.o(i.TIM_ITConfig)
    TIM_OC1Init                              0x080038c9   Thumb Code   132  stm32f10x_tim.o(i.TIM_OC1Init)
    TIM_OC1PreloadConfig                     0x08003961   Thumb Code    18  stm32f10x_tim.o(i.TIM_OC1PreloadConfig)
    TIM_OC2Init                              0x08003975   Thumb Code   154  stm32f10x_tim.o(i.TIM_OC2Init)
    TIM_OC2PreloadConfig                     0x08003a19   Thumb Code    26  stm32f10x_tim.o(i.TIM_OC2PreloadConfig)
    TIM_OC3Init                              0x08003a35   Thumb Code   150  stm32f10x_tim.o(i.TIM_OC3Init)
    TIM_OC3PreloadConfig                     0x08003ad5   Thumb Code    18  stm32f10x_tim.o(i.TIM_OC3PreloadConfig)
    TIM_OC4Init                              0x08003ae9   Thumb Code   114  stm32f10x_tim.o(i.TIM_OC4Init)
    TIM_OC4PreloadConfig                     0x08003b65   Thumb Code    26  stm32f10x_tim.o(i.TIM_OC4PreloadConfig)
    TIM_SetCompare1                          0x08003b7f   Thumb Code     4  stm32f10x_tim.o(i.TIM_SetCompare1)
    TIM_SetCompare2                          0x08003b83   Thumb Code     4  stm32f10x_tim.o(i.TIM_SetCompare2)
    TIM_SetCompare3                          0x08003b87   Thumb Code     4  stm32f10x_tim.o(i.TIM_SetCompare3)
    TIM_SetCompare4                          0x08003b8b   Thumb Code     6  stm32f10x_tim.o(i.TIM_SetCompare4)
    TIM_TimeBaseInit                         0x08003b91   Thumb Code   122  stm32f10x_tim.o(i.TIM_TimeBaseInit)
    T_Sliding_weighted_filter                0x08003c35   Thumb Code   144  pid.o(i.T_Sliding_weighted_filter)
    Travel_Speed_average_filter              0x08003cd1   Thumb Code    68  systemcontrol.o(i.Travel_Speed_average_filter)
    Turn_PID                                 0x08003d1d   Thumb Code    76  pid.o(i.Turn_PID)
    Turn_Speed_average_filter                0x08003d71   Thumb Code    70  systemcontrol.o(i.Turn_Speed_average_filter)
    UPDTAT_task                              0x08003dc1   Thumb Code    48  systemcontrol.o(i.UPDTAT_task)
    USART1_IRQHandler                        0x08003df9   Thumb Code    30  usart.o(i.USART1_IRQHandler)
    USART1_Receive_Data                      0x08003e1d   Thumb Code    38  usart.o(i.USART1_Receive_Data)
    USART1_Receive_Prepare                   0x08003e51   Thumb Code   150  usart.o(i.USART1_Receive_Prepare)
    USART2_IRQHandler                        0x08003ef5   Thumb Code    30  lora_usart2.o(i.USART2_IRQHandler)
    USART2_Receive_Data                      0x08003f19   Thumb Code    38  lora_usart2.o(i.USART2_Receive_Data)
    USART2_Receive_Prepare                   0x08003f4d   Thumb Code   124  lora_usart2.o(i.USART2_Receive_Prepare)
    USART3_IRQHandler                        0x08003fd5   Thumb Code   108  jy901_usart3.o(i.USART3_IRQHandler)
    USART3_Receive_Data                      0x08004051   Thumb Code    32  jy901_usart3.o(i.USART3_Receive_Data)
    USART_ClearITPendingBit                  0x08004075   Thumb Code    30  stm32f10x_usart.o(i.USART_ClearITPendingBit)
    USART_Cmd                                0x08004093   Thumb Code    24  stm32f10x_usart.o(i.USART_Cmd)
    USART_DMACmd                             0x080040ab   Thumb Code    18  stm32f10x_usart.o(i.USART_DMACmd)
    USART_GetITStatus                        0x080040bd   Thumb Code    84  stm32f10x_usart.o(i.USART_GetITStatus)
    USART_ITConfig                           0x08004111   Thumb Code    74  stm32f10x_usart.o(i.USART_ITConfig)
    USART_Init                               0x0800415d   Thumb Code   210  stm32f10x_usart.o(i.USART_Init)
    USART_ReceiveData                        0x08004235   Thumb Code    10  stm32f10x_usart.o(i.USART_ReceiveData)
    USB_LP_CAN1_RX0_IRQHandler               0x08004241   Thumb Code    34  can.o(i.USB_LP_CAN1_RX0_IRQHandler)
    UsageFault_Handler                       0x08004271   Thumb Code     4  stm32f10x_it.o(i.UsageFault_Handler)
    Usart1_UpdataAPP                         0x08004275   Thumb Code    88  usart.o(i.Usart1_UpdataAPP)
    V_Sliding_weighted_filter                0x080042f1   Thumb Code   118  pid.o(i.V_Sliding_weighted_filter)
    Velocity_pin                             0x08004371   Thumb Code   282  pid.o(i.Velocity_pin)
    __ARM_fpclassify                         0x080044ad   Thumb Code    40  fpclassify.o(i.__ARM_fpclassify)
    __kernel_poly                            0x080044d5   Thumb Code   170  poly.o(i.__kernel_poly)
    __mathlib_dbl_divzero                    0x08004581   Thumb Code    12  dunder.o(i.__mathlib_dbl_divzero)
    __mathlib_dbl_infnan                     0x08004591   Thumb Code     6  dunder.o(i.__mathlib_dbl_infnan)
    __mathlib_dbl_infnan2                    0x08004597   Thumb Code     4  dunder.o(i.__mathlib_dbl_infnan2)
    __mathlib_dbl_invalid                    0x0800459b   Thumb Code    12  dunder.o(i.__mathlib_dbl_invalid)
    __mathlib_dbl_overflow                   0x080045a7   Thumb Code    14  dunder.o(i.__mathlib_dbl_overflow)
    __mathlib_dbl_underflow                  0x080045b5   Thumb Code    10  dunder.o(i.__mathlib_dbl_underflow)
    _sys_exit                                0x080045c5   Thumb Code     4  usart.o(i._sys_exit)
    abs_limit                                0x080045c9   Thumb Code    40  pid.o(i.abs_limit)
    acos                                     0x080045f1   Thumb Code   574  acos.o(i.acos)
    all_Init                                 0x0800486d   Thumb Code   104  main.o(i.all_Init)
    asin                                     0x080048d5   Thumb Code   572  asin.o(i.asin)
    delay_init                               0x08004b45   Thumb Code    74  delay.o(i.delay_init)
    delay_ms                                 0x08004ba1   Thumb Code    60  delay.o(i.delay_ms)
    delay_us                                 0x08004be1   Thumb Code    68  delay.o(i.delay_us)
    fputc                                    0x08004c29   Thumb Code    24  usart.o(i.fputc)
    get_moto_measure                         0x08004c45   Thumb Code   120  can.o(i.get_moto_measure)
    get_moto_offset                          0x08004cbd   Thumb Code    20  can.o(i.get_moto_offset)
    main                                     0x08004cd1   Thumb Code    34  main.o(i.main)
    oled_pow                                 0x08004d09   Thumb Code    22  oled.o(i.oled_pow)
    pid_calc                                 0x08004d1f   Thumb Code   402  pid.o(i.pid_calc)
    pid_first_param_init                     0x08004eb1   Thumb Code   172  moto_ctrl.o(i.pid_first_param_init)
    pid_moto_calculation                     0x08004f95   Thumb Code   376  moto_ctrl.o(i.pid_moto_calculation)
    pid_reset                                0x08005171   Thumb Code     8  pid.o(i.pid_reset)
    pow                                      0x08005179   Thumb Code  2512  pow.o(i.pow)
    pvPortMalloc                             0x080064d5   Thumb Code   296  heap_4.o(i.pvPortMalloc)
    pvTaskIncrementMutexHeldCount            0x08006611   Thumb Code    26  tasks.o(i.pvTaskIncrementMutexHeldCount)
    pxPortInitialiseStack                    0x08006631   Thumb Code    30  port.o(i.pxPortInitialiseStack)
    send_chassis_cur1_4                      0x08006655   Thumb Code   102  can.o(i.send_chassis_cur1_4)
    sqrt                                     0x080066c1   Thumb Code    76  sqrt.o(i.sqrt)
    start_task                               0x0800670d   Thumb Code   142  main.o(i.start_task)
    task1_task                               0x0800682d   Thumb Code    10  main.o(i.task1_task)
    uart_init                                0x08006839   Thumb Code   274  usart.o(i.uart_init)
    uxListRemove                             0x0800695d   Thumb Code    40  list.o(i.uxListRemove)
    vListInitialise                          0x08006985   Thumb Code    26  list.o(i.vListInitialise)
    vListInitialiseItem                      0x0800699f   Thumb Code     6  list.o(i.vListInitialiseItem)
    vListInsert                              0x080069a5   Thumb Code    52  list.o(i.vListInsert)
    vListInsertEnd                           0x080069d9   Thumb Code    24  list.o(i.vListInsertEnd)
    vPortEnterCritical                       0x080069f1   Thumb Code    76  port.o(i.vPortEnterCritical)
    vPortExitCritical                        0x08006a45   Thumb Code    56  port.o(i.vPortExitCritical)
    vPortFree                                0x08006a81   Thumb Code   140  heap_4.o(i.vPortFree)
    vPortSetupTimerInterrupt                 0x08006b15   Thumb Code    26  port.o(i.vPortSetupTimerInterrupt)
    vPortValidateInterruptPriority           0x08006b35   Thumb Code   106  port.o(i.vPortValidateInterruptPriority)
    vQueueAddToRegistry                      0x08006bad   Thumb Code    38  queue.o(i.vQueueAddToRegistry)
    vQueueWaitForMessageRestricted           0x08006bd9   Thumb Code    74  queue.o(i.vQueueWaitForMessageRestricted)
    vTaskDelay                               0x08006c25   Thumb Code    82  tasks.o(i.vTaskDelay)
    vTaskDelete                              0x08006c81   Thumb Code   202  tasks.o(i.vTaskDelete)
    vTaskMissedYield                         0x08006d75   Thumb Code     8  tasks.o(i.vTaskMissedYield)
    vTaskPlaceOnEventList                    0x08006d81   Thumb Code    52  tasks.o(i.vTaskPlaceOnEventList)
    vTaskPlaceOnEventListRestricted          0x08006db9   Thumb Code    60  tasks.o(i.vTaskPlaceOnEventListRestricted)
    vTaskPriorityInherit                     0x08006df9   Thumb Code   164  tasks.o(i.vTaskPriorityInherit)
    vTaskSetTimeOutState                     0x08006ea9   Thumb Code    38  tasks.o(i.vTaskSetTimeOutState)
    vTaskStartScheduler                      0x08006ed9   Thumb Code   118  tasks.o(i.vTaskStartScheduler)
    vTaskSuspendAll                          0x08006f6d   Thumb Code    12  tasks.o(i.vTaskSuspendAll)
    vTaskSwitchContext                       0x08006f7d   Thumb Code   118  tasks.o(i.vTaskSwitchContext)
    xPortStartScheduler                      0x08007009   Thumb Code   140  port.o(i.xPortStartScheduler)
    xPortSysTickHandler                      0x080070a9   Thumb Code    46  port.o(i.xPortSysTickHandler)
    xQueueGenericCreate                      0x080070dd   Thumb Code    88  queue.o(i.xQueueGenericCreate)
    xQueueGenericReceive                     0x08007135   Thumb Code   446  queue.o(i.xQueueGenericReceive)
    xQueueGenericReset                       0x080072f9   Thumb Code   146  queue.o(i.xQueueGenericReset)
    xQueueGenericSend                        0x08007391   Thumb Code   420  queue.o(i.xQueueGenericSend)
    xQueueGenericSendFromISR                 0x08007539   Thumb Code   248  queue.o(i.xQueueGenericSendFromISR)
    xTaskCheckForTimeOut                     0x08007631   Thumb Code   132  tasks.o(i.xTaskCheckForTimeOut)
    xTaskCreate                              0x080076bd   Thumb Code    96  tasks.o(i.xTaskCreate)
    xTaskGetSchedulerState                   0x0800771d   Thumb Code    24  tasks.o(i.xTaskGetSchedulerState)
    xTaskGetTickCount                        0x0800773d   Thumb Code     6  tasks.o(i.xTaskGetTickCount)
    xTaskIncrementTick                       0x08007749   Thumb Code   282  tasks.o(i.xTaskIncrementTick)
    xTaskPriorityDisinherit                  0x08007891   Thumb Code   188  tasks.o(i.xTaskPriorityDisinherit)
    xTaskRemoveFromEventList                 0x08007959   Thumb Code   128  tasks.o(i.xTaskRemoveFromEventList)
    xTaskResumeAll                           0x080079f1   Thumb Code   224  tasks.o(i.xTaskResumeAll)
    xTimerCreateTimerTask                    0x08007af5   Thumb Code    66  timers.o(i.xTimerCreateTimerTask)
    xTimerGenericCommand                     0x08007b4d   Thumb Code   126  timers.o(i.xTimerGenericCommand)
    __aeabi_d2f                              0x08007bd1   Thumb Code     0  d2f.o(x$fpl$d2f)
    _d2f                                     0x08007bd1   Thumb Code    98  d2f.o(x$fpl$d2f)
    __aeabi_dadd                             0x08007c35   Thumb Code     0  daddsub_clz.o(x$fpl$dadd)
    _dadd                                    0x08007c35   Thumb Code   332  daddsub_clz.o(x$fpl$dadd)
    __fpl_dcheck_NaN1                        0x08007d85   Thumb Code    10  dcheck1.o(x$fpl$dcheck1)
    __fpl_dcmp_Inf                           0x08007d95   Thumb Code    24  dcmpi.o(x$fpl$dcmpinf)
    __aeabi_ddiv                             0x08007dad   Thumb Code     0  ddiv.o(x$fpl$ddiv)
    _ddiv                                    0x08007dad   Thumb Code   552  ddiv.o(x$fpl$ddiv)
    __aeabi_d2iz                             0x0800805d   Thumb Code     0  dfix.o(x$fpl$dfix)
    _dfix                                    0x0800805d   Thumb Code    94  dfix.o(x$fpl$dfix)
    __aeabi_d2uiz                            0x080080bd   Thumb Code     0  dfixu.o(x$fpl$dfixu)
    _dfixu                                   0x080080bd   Thumb Code    90  dfixu.o(x$fpl$dfixu)
    __aeabi_i2d                              0x08008117   Thumb Code     0  dflt_clz.o(x$fpl$dflt)
    _dflt                                    0x08008117   Thumb Code    46  dflt_clz.o(x$fpl$dflt)
    __aeabi_ui2d                             0x08008145   Thumb Code     0  dflt_clz.o(x$fpl$dfltu)
    _dfltu                                   0x08008145   Thumb Code    38  dflt_clz.o(x$fpl$dfltu)
    __aeabi_cdcmple                          0x0800816d   Thumb Code     0  dleqf.o(x$fpl$dleqf)
    _dcmple                                  0x0800816d   Thumb Code   120  dleqf.o(x$fpl$dleqf)
    __fpl_dcmple_InfNaN                      0x080081cf   Thumb Code     0  dleqf.o(x$fpl$dleqf)
    __aeabi_dmul                             0x080081e5   Thumb Code     0  dmul.o(x$fpl$dmul)
    _dmul                                    0x080081e5   Thumb Code   332  dmul.o(x$fpl$dmul)
    __fpl_dnaninf                            0x08008339   Thumb Code   156  dnaninf.o(x$fpl$dnaninf)
    __fpl_dretinf                            0x080083d5   Thumb Code    12  dretinf.o(x$fpl$dretinf)
    __aeabi_cdrcmple                         0x080083e1   Thumb Code     0  drleqf.o(x$fpl$drleqf)
    _drcmple                                 0x080083e1   Thumb Code   108  drleqf.o(x$fpl$drleqf)
    __aeabi_drsub                            0x0800844d   Thumb Code     0  daddsub_clz.o(x$fpl$drsb)
    _drsb                                    0x0800844d   Thumb Code    22  daddsub_clz.o(x$fpl$drsb)
    _dsqrt                                   0x08008465   Thumb Code   456  dsqrt_noumaal.o(x$fpl$dsqrt)
    __aeabi_dsub                             0x08008631   Thumb Code     0  daddsub_clz.o(x$fpl$dsub)
    _dsub                                    0x08008631   Thumb Code   464  daddsub_clz.o(x$fpl$dsub)
    __aeabi_f2d                              0x08008805   Thumb Code     0  f2d.o(x$fpl$f2d)
    _f2d                                     0x08008805   Thumb Code    86  f2d.o(x$fpl$f2d)
    __aeabi_fadd                             0x0800885d   Thumb Code     0  faddsub_clz.o(x$fpl$fadd)
    _fadd                                    0x0800885d   Thumb Code   196  faddsub_clz.o(x$fpl$fadd)
    __fpl_fcmp_Inf                           0x08008921   Thumb Code    24  fcmpi.o(x$fpl$fcmpinf)
    __aeabi_fdiv                             0x08008939   Thumb Code     0  fdiv.o(x$fpl$fdiv)
    _fdiv                                    0x08008939   Thumb Code   384  fdiv.o(x$fpl$fdiv)
    __aeabi_cfcmpeq                          0x08008abd   Thumb Code     0  feqf.o(x$fpl$feqf)
    _fcmpeq                                  0x08008abd   Thumb Code   104  feqf.o(x$fpl$feqf)
    __aeabi_f2iz                             0x08008b25   Thumb Code     0  ffix.o(x$fpl$ffix)
    _ffix                                    0x08008b25   Thumb Code    54  ffix.o(x$fpl$ffix)
    __aeabi_f2uiz                            0x08008b5d   Thumb Code     0  ffixu.o(x$fpl$ffixu)
    _ffixu                                   0x08008b5d   Thumb Code    62  ffixu.o(x$fpl$ffixu)
    __aeabi_i2f                              0x08008b9d   Thumb Code     0  fflt_clz.o(x$fpl$fflt)
    _fflt                                    0x08008b9d   Thumb Code    48  fflt_clz.o(x$fpl$fflt)
    __aeabi_ui2f                             0x08008bcd   Thumb Code     0  fflt_clz.o(x$fpl$ffltu)
    _ffltu                                   0x08008bcd   Thumb Code    38  fflt_clz.o(x$fpl$ffltu)
    __aeabi_cfcmple                          0x08008bf5   Thumb Code     0  fleqf.o(x$fpl$fleqf)
    _fcmple                                  0x08008bf5   Thumb Code   104  fleqf.o(x$fpl$fleqf)
    __fpl_fcmple_InfNaN                      0x08008c47   Thumb Code     0  fleqf.o(x$fpl$fleqf)
    __aeabi_fmul                             0x08008c5d   Thumb Code     0  fmul.o(x$fpl$fmul)
    _fmul                                    0x08008c5d   Thumb Code   258  fmul.o(x$fpl$fmul)
    __fpl_fnaninf                            0x08008d5f   Thumb Code   140  fnaninf.o(x$fpl$fnaninf)
    __fpl_fretinf                            0x08008deb   Thumb Code    10  fretinf.o(x$fpl$fretinf)
    __aeabi_cfrcmple                         0x08008df5   Thumb Code     0  frleqf.o(x$fpl$frleqf)
    _frcmple                                 0x08008df5   Thumb Code    98  frleqf.o(x$fpl$frleqf)
    __aeabi_frsub                            0x08008e57   Thumb Code     0  faddsub_clz.o(x$fpl$frsb)
    _frsb                                    0x08008e57   Thumb Code    20  faddsub_clz.o(x$fpl$frsb)
    __aeabi_fsub                             0x08008e6d   Thumb Code     0  faddsub_clz.o(x$fpl$fsub)
    _fsub                                    0x08008e6d   Thumb Code   234  faddsub_clz.o(x$fpl$fsub)
    __fpl_return_NaN                         0x08008f57   Thumb Code   100  retnan.o(x$fpl$retnan)
    __ARM_scalbn                             0x08008fbb   Thumb Code    92  scalbn.o(x$fpl$scalbn)
    __fpl_cmpreturn                          0x08009017   Thumb Code    48  trapv.o(x$fpl$trapveneer)
    F6x8                                     0x08009046   Data         552  oled.o(.constdata)
    __I$use$fp                               0x08009046   Number         0  usenofp.o(x$fpl$usenofp)
    F8X16                                    0x0800926e   Data        1520  oled.o(.constdata)
    __mathlib_zero                           0x08009988   Data           8  qnan.o(.constdata)
    Region$$Table$$Base                      0x08009990   Number         0  anon$$obj.o(Region$$Table)
    Region$$Table$$Limit                     0x080099b0   Number         0  anon$$obj.o(Region$$Table)
    StartTask_Handler                        0x20000000   Data           4  main.o(.data)
    Task1Task_Handler                        0x20000004   Data           4  main.o(.data)
    LEG_CONTROLTask_Handler                  0x20000008   Data           4  main.o(.data)
    REMOTE_CONTROLTask_Handler               0x2000000c   Data           4  main.o(.data)
    PAN_TILTTask_Handler                     0x20000010   Data           4  main.o(.data)
    UPDTATTask_Handler                       0x20000014   Data           4  main.o(.data)
    OLEDTask_Handler                         0x20000018   Data           4  main.o(.data)
    p                                        0x2000001c   Data           2  main.o(.data)
    i                                        0x2000001e   Data           2  main.o(.data)
    d                                        0x20000020   Data           2  main.o(.data)
    leg_x                                    0x20000024   Data           4  main.o(.data)
    leg_y                                    0x20000028   Data           4  main.o(.data)
    duoji                                    0x2000002c   Data           8  main.o(.data)
    SystemCoreClock                          0x20000034   Data           4  system_stm32f10x.o(.data)
    AHBPrescTable                            0x20000038   Data          16  system_stm32f10x.o(.data)
    uart1_recv_len                           0x2000004c   Data           1  usart.o(.data)
    uart1_send_flag                          0x2000004d   Data           1  usart.o(.data)
    uart1_send_len                           0x2000004e   Data           1  usart.o(.data)
    __stdout                                 0x20000050   Data           4  usart.o(.data)
    a                                        0x20000054   Data           1  usart.o(.data)
    pxCurrentTCB                             0x2000006c   Data           4  tasks.o(.data)
    _hcan                                    0x200000e0   Data           4  can.o(.data)
    Height_out                               0x200000e8   Data           4  leg_control.o(.data)
    R_Pot_Leg_Height                         0x200000ec   Data           4  leg_control.o(.data)
    Leg_Med_Angle                            0x200000f0   Data           4  leg_control.o(.data)
    Leg_Balance                              0x200000f4   Data           4  leg_control.o(.data)
    Aacx                                     0x200000fc   Data           4  jy901_usart3.o(.data)
    Aacy                                     0x20000100   Data           4  jy901_usart3.o(.data)
    Aacz                                     0x20000104   Data           4  jy901_usart3.o(.data)
    Gyrox                                    0x20000108   Data           4  jy901_usart3.o(.data)
    Gyroy                                    0x2000010c   Data           4  jy901_usart3.o(.data)
    Gyroz                                    0x20000110   Data           4  jy901_usart3.o(.data)
    Roll_X                                   0x20000114   Data           4  jy901_usart3.o(.data)
    Pitch_Y                                  0x20000118   Data           4  jy901_usart3.o(.data)
    Yaw_Z                                    0x2000011c   Data           4  jy901_usart3.o(.data)
    uart3_recv_len                           0x20000120   Data           1  jy901_usart3.o(.data)
    Roll_X_average_sum                       0x20000124   Data           4  jy901_usart3.o(.data)
    pan_tilt_x                               0x2000012a   Data           2  pan_tilt.o(.data)
    pan_tilt_y                               0x2000012c   Data           2  pan_tilt.o(.data)
    AD_After_Filter                          0x2000012e   Data           6  adc.o(.data)
    Electric_Quantity_12                     0x20000134   Data           1  adc.o(.data)
    Electric_Quantity_24                     0x20000135   Data           1  adc.o(.data)
    Air_Quality                              0x20000136   Data           1  adc.o(.data)
    temperature                              0x20000138   Data           1  systemcontrol.o(.data)
    humidity                                 0x20000139   Data           1  systemcontrol.o(.data)
    L_Rocker_X                               0x2000013a   Data           2  systemcontrol.o(.data)
    L_Rocker_Y                               0x2000013c   Data           2  systemcontrol.o(.data)
    R_Rocker_X                               0x2000013e   Data           2  systemcontrol.o(.data)
    R_Rocker_Y                               0x20000140   Data           2  systemcontrol.o(.data)
    L_Pot                                    0x20000142   Data           1  systemcontrol.o(.data)
    R_Pot                                    0x20000143   Data           1  systemcontrol.o(.data)
    Botton                                   0x20000144   Data           8  systemcontrol.o(.data)
    L_Pot_Med                                0x2000014c   Data           1  systemcontrol.o(.data)
    L_Pot_Med_Flag                           0x2000014d   Data           1  systemcontrol.o(.data)
    LoRa_Remote_Control_Flag                 0x2000014e   Data           1  systemcontrol.o(.data)
    APP_Remote_Control_Flag                  0x2000014f   Data           1  systemcontrol.o(.data)
    APP_Time_Reset                           0x20000150   Data           4  systemcontrol.o(.data)
    Angle_Reset                              0x20000154   Data           1  systemcontrol.o(.data)
    Walking_mode                             0x20000155   Data           1  systemcontrol.o(.data)
    APP_Slide                                0x20000156   Data           1  systemcontrol.o(.data)
    Travel_Speed_average_sum                 0x20000158   Data           4  systemcontrol.o(.data)
    Turn_Speed_average_sum                   0x2000015c   Data           4  systemcontrol.o(.data)
    R_Pot_Leg_Height_average_sum             0x20000160   Data           4  systemcontrol.o(.data)
    Leg_Balance_average_sum                  0x20000164   Data           4  systemcontrol.o(.data)
    Left_Wheel_Speed                         0x20000168   Data           4  moto_ctrl.o(.data)
    Right_Wheel_Speed                        0x2000016c   Data           4  moto_ctrl.o(.data)
    Time_Reset                               0x20000170   Data           2  moto_ctrl.o(.data)
    Travel_Speed                             0x20000174   Data           4  moto_ctrl.o(.data)
    Turn_Speed                               0x20000178   Data           4  moto_ctrl.o(.data)
    Med_Angle                                0x2000017c   Data           4  moto_ctrl.o(.data)
    Med_Angle_Low                            0x20000180   Data           4  moto_ctrl.o(.data)
    StartUp_Flag                             0x20000184   Data           1  moto_ctrl.o(.data)
    Median_Flag                              0x20000185   Data           1  moto_ctrl.o(.data)
    Pick_Up_Flag                             0x20000186   Data           1  moto_ctrl.o(.data)
    Balance_L_Out                            0x20000188   Data           4  moto_ctrl.o(.data)
    Balance_R_Out                            0x2000018c   Data           4  moto_ctrl.o(.data)
    Velocity_out                             0x20000190   Data           4  moto_ctrl.o(.data)
    Turn_out                                 0x20000194   Data           4  moto_ctrl.o(.data)
    uart1_recv_data                          0x200001a0   Data          20  usart.o(.bss)
    uart1_send_data                          0x200001b4   Data          16  usart.o(.bss)
    USART1_APP_Date                          0x200001c4   Data          20  usart.o(.bss)
    printf_virtual_Osc_shiboqi               0x200001d8   Data          16  usart.o(.bss)
    xQueueRegistry                           0x20000200   Data          64  queue.o(.bss)
    moto_chassis                             0x20002b30   Data         352  can.o(.bss)
    moto_info                                0x20002c90   Data          44  can.o(.bss)
    hcan1                                    0x20002cbc   Data          28  can.o(.bss)
    USART2_LORA_date                         0x20002cd8   Data          15  lora_usart2.o(.bss)
    uart3_recv_data                          0x20002cfc   Data          40  jy901_usart3.o(.bss)
    USART3_JY901_Date                        0x20002d24   Data          40  jy901_usart3.o(.bss)
    Roll_X_average_value_buf                 0x20002d4c   Data          12  jy901_usart3.o(.bss)
    Travel_Speed_average_value_buf           0x20002d80   Data          20  systemcontrol.o(.bss)
    Turn_Speed_average_value_buf             0x20002d94   Data          16  systemcontrol.o(.bss)
    R_Pot_Leg_Height_average_value_buf       0x20002da4   Data          28  systemcontrol.o(.bss)
    Leg_Balance_average_value_buf            0x20002dc0   Data          16  systemcontrol.o(.bss)
    pid_2006_speed                           0x20002dd0   Data         216  pid.o(.bss)
    pid_Balance_R                            0x20002ea8   Data          48  pid.o(.bss)
    pid_Balance_L                            0x20002ed8   Data          48  pid.o(.bss)
    pid_Velocity                             0x20002f08   Data          48  pid.o(.bss)
    pid_Turn                                 0x20002f38   Data          48  pid.o(.bss)
    pid_Height                               0x20002f68   Data          48  pid.o(.bss)
    Sample_Array_V                           0x20002f98   Data          16  pid.o(.bss)
    Sample_Array_T                           0x20002fa8   Data          20  pid.o(.bss)
    __libspace_start                         0x20002fbc   Data          96  libspace.o(.bss)
    __temporary_stack_top$libspace           0x2000301c   Data           0  libspace.o(.bss)



==============================================================================

Memory Map of the image

  Image Entry point : 0x080002ad

  Load Region LR_1 (Base: 0x08000000, Size: 0x00009b50, Max: 0xffffffff, ABSOLUTE, COMPRESSED[0x000099f8])

    Execution Region ER_RO (Exec base: 0x08000000, Load base: 0x08000000, Size: 0x000099b0, Max: 0xffffffff, ABSOLUTE)

    Exec Addr    Load Addr    Size         Type   Attr      Idx    E Section Name        Object

    0x08000000   0x08000000   0x00000130   Data   RO          518    RESET               startup_stm32f10x_hd.o
    0x08000130   0x08000130   0x00000008   Code   RO         5208  * !!!main             c_w.l(__main.o)
    0x08000138   0x08000138   0x00000034   Code   RO         5537    !!!scatter          c_w.l(__scatter.o)
    0x0800016c   0x0800016c   0x0000005a   Code   RO         5535    !!dczerorl2         c_w.l(__dczerorl2.o)
    0x080001c6   0x080001c6   0x00000002   PAD
    0x080001c8   0x080001c8   0x0000001c   Code   RO         5539    !!handler_zi        c_w.l(__scatter_zi.o)
    0x080001e4   0x080001e4   0x00000000   Code   RO         5199    .ARM.Collect$$_printf_percent$$00000000  c_w.l(_printf_percent.o)
    0x080001e4   0x080001e4   0x00000006   Code   RO         5198    .ARM.Collect$$_printf_percent$$00000009  c_w.l(_printf_d.o)
    0x080001ea   0x080001ea   0x00000004   Code   RO         5323    .ARM.Collect$$_printf_percent$$00000017  c_w.l(_printf_percent_end.o)
    0x080001ee   0x080001ee   0x00000002   Code   RO         5406    .ARM.Collect$$libinit$$00000000  c_w.l(libinit.o)
    0x080001f0   0x080001f0   0x00000000   Code   RO         5412    .ARM.Collect$$libinit$$00000002  c_w.l(libinit2.o)
    0x080001f0   0x080001f0   0x00000000   Code   RO         5414    .ARM.Collect$$libinit$$00000004  c_w.l(libinit2.o)
    0x080001f0   0x080001f0   0x00000000   Code   RO         5417    .ARM.Collect$$libinit$$0000000A  c_w.l(libinit2.o)
    0x080001f0   0x080001f0   0x00000000   Code   RO         5419    .ARM.Collect$$libinit$$0000000C  c_w.l(libinit2.o)
    0x080001f0   0x080001f0   0x00000000   Code   RO         5421    .ARM.Collect$$libinit$$0000000E  c_w.l(libinit2.o)
    0x080001f0   0x080001f0   0x00000000   Code   RO         5424    .ARM.Collect$$libinit$$00000011  c_w.l(libinit2.o)
    0x080001f0   0x080001f0   0x00000000   Code   RO         5426    .ARM.Collect$$libinit$$00000013  c_w.l(libinit2.o)
    0x080001f0   0x080001f0   0x00000000   Code   RO         5428    .ARM.Collect$$libinit$$00000015  c_w.l(libinit2.o)
    0x080001f0   0x080001f0   0x00000000   Code   RO         5430    .ARM.Collect$$libinit$$00000017  c_w.l(libinit2.o)
    0x080001f0   0x080001f0   0x00000000   Code   RO         5432    .ARM.Collect$$libinit$$00000019  c_w.l(libinit2.o)
    0x080001f0   0x080001f0   0x00000000   Code   RO         5434    .ARM.Collect$$libinit$$0000001B  c_w.l(libinit2.o)
    0x080001f0   0x080001f0   0x00000000   Code   RO         5436    .ARM.Collect$$libinit$$0000001D  c_w.l(libinit2.o)
    0x080001f0   0x080001f0   0x00000000   Code   RO         5438    .ARM.Collect$$libinit$$0000001F  c_w.l(libinit2.o)
    0x080001f0   0x080001f0   0x00000000   Code   RO         5440    .ARM.Collect$$libinit$$00000021  c_w.l(libinit2.o)
    0x080001f0   0x080001f0   0x00000000   Code   RO         5442    .ARM.Collect$$libinit$$00000023  c_w.l(libinit2.o)
    0x080001f0   0x080001f0   0x00000000   Code   RO         5444    .ARM.Collect$$libinit$$00000025  c_w.l(libinit2.o)
    0x080001f0   0x080001f0   0x00000000   Code   RO         5448    .ARM.Collect$$libinit$$0000002C  c_w.l(libinit2.o)
    0x080001f0   0x080001f0   0x00000000   Code   RO         5450    .ARM.Collect$$libinit$$0000002E  c_w.l(libinit2.o)
    0x080001f0   0x080001f0   0x00000000   Code   RO         5452    .ARM.Collect$$libinit$$00000030  c_w.l(libinit2.o)
    0x080001f0   0x080001f0   0x00000000   Code   RO         5454    .ARM.Collect$$libinit$$00000032  c_w.l(libinit2.o)
    0x080001f0   0x080001f0   0x00000002   Code   RO         5455    .ARM.Collect$$libinit$$00000033  c_w.l(libinit2.o)
    0x080001f2   0x080001f2   0x00000002   Code   RO         5475    .ARM.Collect$$libshutdown$$00000000  c_w.l(libshutdown.o)
    0x080001f4   0x080001f4   0x00000000   Code   RO         5485    .ARM.Collect$$libshutdown$$00000002  c_w.l(libshutdown2.o)
    0x080001f4   0x080001f4   0x00000000   Code   RO         5487    .ARM.Collect$$libshutdown$$00000004  c_w.l(libshutdown2.o)
    0x080001f4   0x080001f4   0x00000000   Code   RO         5489    .ARM.Collect$$libshutdown$$00000006  c_w.l(libshutdown2.o)
    0x080001f4   0x080001f4   0x00000000   Code   RO         5492    .ARM.Collect$$libshutdown$$00000009  c_w.l(libshutdown2.o)
    0x080001f4   0x080001f4   0x00000000   Code   RO         5495    .ARM.Collect$$libshutdown$$0000000C  c_w.l(libshutdown2.o)
    0x080001f4   0x080001f4   0x00000000   Code   RO         5497    .ARM.Collect$$libshutdown$$0000000E  c_w.l(libshutdown2.o)
    0x080001f4   0x080001f4   0x00000000   Code   RO         5500    .ARM.Collect$$libshutdown$$00000011  c_w.l(libshutdown2.o)
    0x080001f4   0x080001f4   0x00000002   Code   RO         5501    .ARM.Collect$$libshutdown$$00000012  c_w.l(libshutdown2.o)
    0x080001f6   0x080001f6   0x00000000   Code   RO         5316    .ARM.Collect$$rtentry$$00000000  c_w.l(__rtentry.o)
    0x080001f6   0x080001f6   0x00000000   Code   RO         5365    .ARM.Collect$$rtentry$$00000002  c_w.l(__rtentry2.o)
    0x080001f6   0x080001f6   0x00000006   Code   RO         5377    .ARM.Collect$$rtentry$$00000004  c_w.l(__rtentry4.o)
    0x080001fc   0x080001fc   0x00000000   Code   RO         5367    .ARM.Collect$$rtentry$$00000009  c_w.l(__rtentry2.o)
    0x080001fc   0x080001fc   0x00000004   Code   RO         5368    .ARM.Collect$$rtentry$$0000000A  c_w.l(__rtentry2.o)
    0x08000200   0x08000200   0x00000000   Code   RO         5370    .ARM.Collect$$rtentry$$0000000C  c_w.l(__rtentry2.o)
    0x08000200   0x08000200   0x00000008   Code   RO         5371    .ARM.Collect$$rtentry$$0000000D  c_w.l(__rtentry2.o)
    0x08000208   0x08000208   0x00000002   Code   RO         5409    .ARM.Collect$$rtexit$$00000000  c_w.l(rtexit.o)
    0x0800020a   0x0800020a   0x00000000   Code   RO         5459    .ARM.Collect$$rtexit$$00000002  c_w.l(rtexit2.o)
    0x0800020a   0x0800020a   0x00000004   Code   RO         5460    .ARM.Collect$$rtexit$$00000003  c_w.l(rtexit2.o)
    0x0800020e   0x0800020e   0x00000006   Code   RO         5461    .ARM.Collect$$rtexit$$00000004  c_w.l(rtexit2.o)
    0x08000214   0x08000214   0x00000096   Code   RO         4361    .emb_text           port.o
    0x080002aa   0x080002aa   0x00000002   PAD
    0x080002ac   0x080002ac   0x00000040   Code   RO          519  * .text               startup_stm32f10x_hd.o
    0x080002ec   0x080002ec   0x00000002   Code   RO         5168    .text               c_w.l(use_no_semi_2.o)
    0x080002ee   0x080002ee   0x00000002   PAD
    0x080002f0   0x080002f0   0x00000018   Code   RO         5172    .text               c_w.l(noretval__2printf.o)
    0x08000308   0x08000308   0x00000068   Code   RO         5174    .text               c_w.l(__printf.o)
    0x08000370   0x08000370   0x00000078   Code   RO         5176    .text               c_w.l(_printf_dec.o)
    0x080003e8   0x080003e8   0x0000008a   Code   RO         5200    .text               c_w.l(rt_memcpy_v6.o)
    0x08000472   0x08000472   0x00000010   Code   RO         5202    .text               c_w.l(aeabi_memset.o)
    0x08000482   0x08000482   0x0000004e   Code   RO         5204    .text               c_w.l(rt_memclr_w.o)
    0x080004d0   0x080004d0   0x00000006   Code   RO         5206    .text               c_w.l(heapauxi.o)
    0x080004d6   0x080004d6   0x00000002   Code   RO         5314    .text               c_w.l(use_no_semi.o)
    0x080004d8   0x080004d8   0x00000016   Code   RO         5317    .text               c_w.l(_rserrno.o)
    0x080004ee   0x080004ee   0x000000b2   Code   RO         5319    .text               c_w.l(_printf_intcommon.o)
    0x080005a0   0x080005a0   0x00000024   Code   RO         5321    .text               c_w.l(_printf_char_file.o)
    0x080005c4   0x080005c4   0x00000064   Code   RO         5324    .text               c_w.l(rt_memcpy_w.o)
    0x08000628   0x08000628   0x00000044   Code   RO         5326    .text               c_w.l(rt_memclr.o)
    0x0800066c   0x0800066c   0x00000008   Code   RO         5382    .text               c_w.l(rt_errno_addr_intlibspace.o)
    0x08000674   0x08000674   0x00000030   Code   RO         5384    .text               c_w.l(_printf_char_common.o)
    0x080006a4   0x080006a4   0x00000008   Code   RO         5386    .text               c_w.l(ferror.o)
    0x080006ac   0x080006ac   0x00000008   Code   RO         5392    .text               c_w.l(libspace.o)
    0x080006b4   0x080006b4   0x0000004a   Code   RO         5395    .text               c_w.l(sys_stackheap_outer.o)
    0x080006fe   0x080006fe   0x00000012   Code   RO         5399    .text               c_w.l(exit.o)
    0x08000710   0x08000710   0x00000016   Code   RO          565    i.ADC_Cmd           stm32f10x_adc.o
    0x08000726   0x08000726   0x00000002   PAD
    0x08000728   0x08000728   0x0000005c   Code   RO          567    i.ADC_DeInit        stm32f10x_adc.o
    0x08000784   0x08000784   0x00000014   Code   RO          573    i.ADC_GetCalibrationStatus  stm32f10x_adc.o
    0x08000798   0x08000798   0x00000008   Code   RO          574    i.ADC_GetConversionValue  stm32f10x_adc.o
    0x080007a0   0x080007a0   0x00000012   Code   RO          576    i.ADC_GetFlagStatus  stm32f10x_adc.o
    0x080007b2   0x080007b2   0x00000014   Code   RO          579    i.ADC_GetResetCalibrationStatus  stm32f10x_adc.o
    0x080007c6   0x080007c6   0x00000002   PAD
    0x080007c8   0x080007c8   0x00000050   Code   RO          583    i.ADC_Init          stm32f10x_adc.o
    0x08000818   0x08000818   0x000000b8   Code   RO          587    i.ADC_RegularChannelConfig  stm32f10x_adc.o
    0x080008d0   0x080008d0   0x0000000a   Code   RO          588    i.ADC_ResetCalibration  stm32f10x_adc.o
    0x080008da   0x080008da   0x00000016   Code   RO          590    i.ADC_SoftwareStartConvCmd  stm32f10x_adc.o
    0x080008f0   0x080008f0   0x0000000a   Code   RO          592    i.ADC_StartCalibration  stm32f10x_adc.o
    0x080008fa   0x080008fa   0x00000002   PAD
    0x080008fc   0x080008fc   0x00000138   Code   RO         4950    i.APP_Control       systemcontrol.o
    0x08000a34   0x08000a34   0x00000078   Code   RO         4951    i.APP_Read          systemcontrol.o
    0x08000aac   0x08000aac   0x0000009c   Code   RO         4908    i.Adc_Init          adc.o
    0x08000b48   0x08000b48   0x000000c4   Code   RO         5029    i.Balance_pin       pid.o
    0x08000c0c   0x08000c0c   0x00000004   Code   RO          236    i.BusFault_Handler  stm32f10x_it.o
    0x08000c10   0x08000c10   0x00000108   Code   RO          865    i.CAN_FilterInit    stm32f10x_can.o
    0x08000d18   0x08000d18   0x00000012   Code   RO          871    i.CAN_ITConfig      stm32f10x_can.o
    0x08000d2a   0x08000d2a   0x00000114   Code   RO          872    i.CAN_Init          stm32f10x_can.o
    0x08000e3e   0x08000e3e   0x00000002   PAD
    0x08000e40   0x08000e40   0x000000f8   Code   RO         4450    i.CAN_Mode_Init     can.o
    0x08000f38   0x08000f38   0x000000f0   Code   RO          875    i.CAN_Receive       stm32f10x_can.o
    0x08001028   0x08001028   0x00000126   Code   RO          880    i.CAN_Transmit      stm32f10x_can.o
    0x0800114e   0x0800114e   0x00000002   PAD
    0x08001150   0x08001150   0x000000a0   Code   RO          881    i.CAN_TransmitStatus  stm32f10x_can.o
    0x080011f0   0x080011f0   0x00000064   Code   RO         4866    i.DHT11_Check       dht11.o
    0x08001254   0x08001254   0x00000040   Code   RO         4867    i.DHT11_Init        dht11.o
    0x08001294   0x08001294   0x0000004c   Code   RO         4868    i.DHT11_Read_Bit    dht11.o
    0x080012e0   0x080012e0   0x0000001e   Code   RO         4869    i.DHT11_Read_Byte   dht11.o
    0x080012fe   0x080012fe   0x00000058   Code   RO         4870    i.DHT11_Read_Data   dht11.o
    0x08001356   0x08001356   0x00000002   PAD
    0x08001358   0x08001358   0x00000040   Code   RO         4871    i.DHT11_Rst         dht11.o
    0x08001398   0x08001398   0x0000002c   Code   RO          408    i.DMA1_Channel4_IRQHandler  usart.o
    0x080013c4   0x080013c4   0x0000001c   Code   RO         1249    i.DMA_ClearITPendingBit  stm32f10x_dma.o
    0x080013e0   0x080013e0   0x00000018   Code   RO         1250    i.DMA_Cmd           stm32f10x_dma.o
    0x080013f8   0x080013f8   0x0000014c   Code   RO         1251    i.DMA_DeInit        stm32f10x_dma.o
    0x08001544   0x08001544   0x00000008   Code   RO         1252    i.DMA_GetCurrDataCounter  stm32f10x_dma.o
    0x0800154c   0x0800154c   0x0000002c   Code   RO         1254    i.DMA_GetITStatus   stm32f10x_dma.o
    0x08001578   0x08001578   0x00000012   Code   RO         1255    i.DMA_ITConfig      stm32f10x_dma.o
    0x0800158a   0x0800158a   0x0000003c   Code   RO         1256    i.DMA_Init          stm32f10x_dma.o
    0x080015c6   0x080015c6   0x00000004   Code   RO         1257    i.DMA_SetCurrDataCounter  stm32f10x_dma.o
    0x080015ca   0x080015ca   0x00000002   Code   RO          237    i.DebugMon_Handler  stm32f10x_it.o
    0x080015cc   0x080015cc   0x00000028   Code   RO         4854    i.GPIO_In_Init      gpio.o
    0x080015f4   0x080015f4   0x00000116   Code   RO         1674    i.GPIO_Init         stm32f10x_gpio.o
    0x0800170a   0x0800170a   0x00000002   PAD
    0x0800170c   0x0800170c   0x00000090   Code   RO         1676    i.GPIO_PinRemapConfig  stm32f10x_gpio.o
    0x0800179c   0x0800179c   0x00000004   Code   RO         1681    i.GPIO_ResetBits    stm32f10x_gpio.o
    0x080017a0   0x080017a0   0x00000004   Code   RO         1682    i.GPIO_SetBits      stm32f10x_gpio.o
    0x080017a4   0x080017a4   0x0000004c   Code   RO         4909    i.Get_Adc           adc.o
    0x080017f0   0x080017f0   0x00000060   Code   RO         4910    i.Get_Air_Quality_Average  adc.o
    0x08001850   0x08001850   0x000000c4   Code   RO         4911    i.Get_Electric_Quantity_12_Average  adc.o
    0x08001914   0x08001914   0x00000090   Code   RO         4912    i.Get_Electric_Quantity_24_Average  adc.o
    0x080019a4   0x080019a4   0x000000d4   Code   RO         4451    i.HAL_CAN_Rx_deal   can.o
    0x08001a78   0x08001a78   0x00000004   Code   RO          238    i.HardFault_Handler  stm32f10x_it.o
    0x08001a7c   0x08001a7c   0x000000d8   Code   RO         5030    i.Height_pid        pid.o
    0x08001b54   0x08001b54   0x0000010c   Code   RO         4585    i.JY901_USART3_init  jy901_usart3.o
    0x08001c60   0x08001c60   0x00000110   Code   RO         4586    i.JY910_Set         jy901_usart3.o
    0x08001d70   0x08001d70   0x0000010c   Code   RO         4952    i.LORA_Read         systemcontrol.o
    0x08001e7c   0x08001e7c   0x000000ac   Code   RO         4548    i.LORA_USART2_init  lora_usart2.o
    0x08001f28   0x08001f28   0x00000054   Code   RO         4953    i.Leg_Balance_average_filter  systemcontrol.o
    0x08001f7c   0x08001f7c   0x000000b0   Code   RO         4512    i.Leg_Control_task  leg_control.o
    0x0800202c   0x0800202c   0x000002f4   Code   RO         4513    i.Leg_Left_Height   leg_control.o
    0x08002320   0x08002320   0x000002dc   Code   RO         4514    i.Leg_Right_Height  leg_control.o
    0x080025fc   0x080025fc   0x00000274   Code   RO         4954    i.LoRa_Control      systemcontrol.o
    0x08002870   0x08002870   0x00000004   Code   RO          239    i.MemManage_Handler  stm32f10x_it.o
    0x08002874   0x08002874   0x00000002   Code   RO          240    i.NMI_Handler       stm32f10x_it.o
    0x08002876   0x08002876   0x00000002   PAD
    0x08002878   0x08002878   0x00000070   Code   RO          523    i.NVIC_Init         misc.o
    0x080028e8   0x080028e8   0x00000014   Code   RO          524    i.NVIC_PriorityGroupConfig  misc.o
    0x080028fc   0x080028fc   0x0000003e   Code   RO         4642    i.OLED_Clear        oled.o
    0x0800293a   0x0800293a   0x00000002   PAD
    0x0800293c   0x0800293c   0x000001c0   Code   RO         4646    i.OLED_Float        oled.o
    0x08002afc   0x08002afc   0x00000028   Code   RO         4648    i.OLED_IIC_Start    oled.o
    0x08002b24   0x08002b24   0x00000020   Code   RO         4649    i.OLED_IIC_Stop     oled.o
    0x08002b44   0x08002b44   0x00000018   Code   RO         4650    i.OLED_IIC_Wait_Ack  oled.o
    0x08002b5c   0x08002b5c   0x00000124   Code   RO         4651    i.OLED_Init         oled.o
    0x08002c80   0x08002c80   0x00000028   Code   RO         4658    i.OLED_Set_Pos      oled.o
    0x08002ca8   0x08002ca8   0x000000a4   Code   RO         4660    i.OLED_ShowChar     oled.o
    0x08002d4c   0x08002d4c   0x00000088   Code   RO         4661    i.OLED_ShowNumber   oled.o
    0x08002dd4   0x08002dd4   0x00000036   Code   RO         4662    i.OLED_ShowString   oled.o
    0x08002e0a   0x08002e0a   0x00000018   Code   RO         4663    i.OLED_WR_Byte      oled.o
    0x08002e22   0x08002e22   0x00000002   PAD
    0x08002e24   0x08002e24   0x00000054   Code   RO         4664    i.OLED_Write_IIC_Byte  oled.o
    0x08002e78   0x08002e78   0x0000002c   Code   RO         4665    i.OLED_Write_IIC_Command  oled.o
    0x08002ea4   0x08002ea4   0x0000002c   Code   RO         4666    i.OLED_Write_IIC_Data  oled.o
    0x08002ed0   0x08002ed0   0x000001a4   Code   RO         4955    i.OLED_task         systemcontrol.o
    0x08003074   0x08003074   0x000000cc   Code   RO         4833    i.PAN_TILT_task     pan_tilt.o
    0x08003140   0x08003140   0x0000003c   Code   RO         5031    i.PID_struct_init   pid.o
    0x0800317c   0x0800317c   0x000000a8   Code   RO         4834    i.Pan_Tilt_TIM4_PWM_Init  pan_tilt.o
    0x08003224   0x08003224   0x00000074   Code   RO         5107    i.Pick_Up           moto_ctrl.o
    0x08003298   0x08003298   0x00000018   Code   RO         2088    i.RCC_ADCCLKConfig  stm32f10x_rcc.o
    0x080032b0   0x080032b0   0x00000020   Code   RO         2089    i.RCC_AHBPeriphClockCmd  stm32f10x_rcc.o
    0x080032d0   0x080032d0   0x00000020   Code   RO         2090    i.RCC_APB1PeriphClockCmd  stm32f10x_rcc.o
    0x080032f0   0x080032f0   0x00000020   Code   RO         2092    i.RCC_APB2PeriphClockCmd  stm32f10x_rcc.o
    0x08003310   0x08003310   0x00000020   Code   RO         2093    i.RCC_APB2PeriphResetCmd  stm32f10x_rcc.o
    0x08003330   0x08003330   0x000000d4   Code   RO         2100    i.RCC_GetClocksFreq  stm32f10x_rcc.o
    0x08003404   0x08003404   0x00000058   Code   RO         4956    i.R_Pot_Leg_Height_average_filter  systemcontrol.o
    0x0800345c   0x0800345c   0x00000040   Code   RO         4957    i.Remote_Control_task  systemcontrol.o
    0x0800349c   0x0800349c   0x00000008   Code   RO          307    i.SetSysClock       system_stm32f10x.o
    0x080034a4   0x080034a4   0x000000e0   Code   RO          308    i.SetSysClockTo72   system_stm32f10x.o
    0x08003584   0x08003584   0x00000060   Code   RO         5108    i.Set_Median_Height  moto_ctrl.o
    0x080035e4   0x080035e4   0x0000005c   Code   RO         5109    i.Start_Up          moto_ctrl.o
    0x08003640   0x08003640   0x00000028   Code   RO          527    i.SysTick_CLKSourceConfig  misc.o
    0x08003668   0x08003668   0x00000010   Code   RO          341    i.SysTick_Handler   delay.o
    0x08003678   0x08003678   0x00000060   Code   RO          310    i.SystemInit        system_stm32f10x.o
    0x080036d8   0x080036d8   0x00000068   Code   RO         5110    i.TIM1_Init_Clock   moto_ctrl.o
    0x08003740   0x08003740   0x00000020   Code   RO         5111    i.TIM1_UP_IRQHandler  moto_ctrl.o
    0x08003760   0x08003760   0x000000f8   Code   RO         4515    i.TIM3_PWM_Init     leg_control.o
    0x08003858   0x08003858   0x00000018   Code   RO         2712    i.TIM_ARRPreloadConfig  stm32f10x_tim.o
    0x08003870   0x08003870   0x00000006   Code   RO         2718    i.TIM_ClearFlag     stm32f10x_tim.o
    0x08003876   0x08003876   0x00000006   Code   RO         2719    i.TIM_ClearITPendingBit  stm32f10x_tim.o
    0x0800387c   0x0800387c   0x00000018   Code   RO         2724    i.TIM_Cmd           stm32f10x_tim.o
    0x08003894   0x08003894   0x00000022   Code   RO         2745    i.TIM_GetITStatus   stm32f10x_tim.o
    0x080038b6   0x080038b6   0x00000012   Code   RO         2749    i.TIM_ITConfig      stm32f10x_tim.o
    0x080038c8   0x080038c8   0x00000098   Code   RO         2753    i.TIM_OC1Init       stm32f10x_tim.o
    0x08003960   0x08003960   0x00000012   Code   RO         2756    i.TIM_OC1PreloadConfig  stm32f10x_tim.o
    0x08003972   0x08003972   0x00000002   PAD
    0x08003974   0x08003974   0x000000a4   Code   RO         2758    i.TIM_OC2Init       stm32f10x_tim.o
    0x08003a18   0x08003a18   0x0000001a   Code   RO         2761    i.TIM_OC2PreloadConfig  stm32f10x_tim.o
    0x08003a32   0x08003a32   0x00000002   PAD
    0x08003a34   0x08003a34   0x000000a0   Code   RO         2763    i.TIM_OC3Init       stm32f10x_tim.o
    0x08003ad4   0x08003ad4   0x00000012   Code   RO         2766    i.TIM_OC3PreloadConfig  stm32f10x_tim.o
    0x08003ae6   0x08003ae6   0x00000002   PAD
    0x08003ae8   0x08003ae8   0x0000007c   Code   RO         2768    i.TIM_OC4Init       stm32f10x_tim.o
    0x08003b64   0x08003b64   0x0000001a   Code   RO         2770    i.TIM_OC4PreloadConfig  stm32f10x_tim.o
    0x08003b7e   0x08003b7e   0x00000004   Code   RO         2785    i.TIM_SetCompare1   stm32f10x_tim.o
    0x08003b82   0x08003b82   0x00000004   Code   RO         2786    i.TIM_SetCompare2   stm32f10x_tim.o
    0x08003b86   0x08003b86   0x00000004   Code   RO         2787    i.TIM_SetCompare3   stm32f10x_tim.o
    0x08003b8a   0x08003b8a   0x00000006   Code   RO         2788    i.TIM_SetCompare4   stm32f10x_tim.o
    0x08003b90   0x08003b90   0x000000a4   Code   RO         2795    i.TIM_TimeBaseInit  stm32f10x_tim.o
    0x08003c34   0x08003c34   0x0000009c   Code   RO         5032    i.T_Sliding_weighted_filter  pid.o
    0x08003cd0   0x08003cd0   0x0000004c   Code   RO         4958    i.Travel_Speed_average_filter  systemcontrol.o
    0x08003d1c   0x08003d1c   0x00000054   Code   RO         5033    i.Turn_PID          pid.o
    0x08003d70   0x08003d70   0x00000050   Code   RO         4959    i.Turn_Speed_average_filter  systemcontrol.o
    0x08003dc0   0x08003dc0   0x00000038   Code   RO         4960    i.UPDTAT_task       systemcontrol.o
    0x08003df8   0x08003df8   0x00000024   Code   RO          409    i.USART1_IRQHandler  usart.o
    0x08003e1c   0x08003e1c   0x00000034   Code   RO          410    i.USART1_Receive_Data  usart.o
    0x08003e50   0x08003e50   0x000000a4   Code   RO          411    i.USART1_Receive_Prepare  usart.o
    0x08003ef4   0x08003ef4   0x00000024   Code   RO         4549    i.USART2_IRQHandler  lora_usart2.o
    0x08003f18   0x08003f18   0x00000034   Code   RO         4550    i.USART2_Receive_Data  lora_usart2.o
    0x08003f4c   0x08003f4c   0x00000088   Code   RO         4551    i.USART2_Receive_Prepare  lora_usart2.o
    0x08003fd4   0x08003fd4   0x0000007c   Code   RO         4588    i.USART3_IRQHandler  jy901_usart3.o
    0x08004050   0x08004050   0x00000024   Code   RO         4589    i.USART3_Receive_Data  jy901_usart3.o
    0x08004074   0x08004074   0x0000001e   Code   RO         3257    i.USART_ClearITPendingBit  stm32f10x_usart.o
    0x08004092   0x08004092   0x00000018   Code   RO         3260    i.USART_Cmd         stm32f10x_usart.o
    0x080040aa   0x080040aa   0x00000012   Code   RO         3261    i.USART_DMACmd      stm32f10x_usart.o
    0x080040bc   0x080040bc   0x00000054   Code   RO         3264    i.USART_GetITStatus  stm32f10x_usart.o
    0x08004110   0x08004110   0x0000004a   Code   RO         3266    i.USART_ITConfig    stm32f10x_usart.o
    0x0800415a   0x0800415a   0x00000002   PAD
    0x0800415c   0x0800415c   0x000000d8   Code   RO         3267    i.USART_Init        stm32f10x_usart.o
    0x08004234   0x08004234   0x0000000a   Code   RO         3274    i.USART_ReceiveData  stm32f10x_usart.o
    0x0800423e   0x0800423e   0x00000002   PAD
    0x08004240   0x08004240   0x00000030   Code   RO         4452    i.USB_LP_CAN1_RX0_IRQHandler  can.o
    0x08004270   0x08004270   0x00000004   Code   RO          241    i.UsageFault_Handler  stm32f10x_it.o
    0x08004274   0x08004274   0x0000007c   Code   RO          412    i.Usart1_UpdataAPP  usart.o
    0x080042f0   0x080042f0   0x00000080   Code   RO         5034    i.V_Sliding_weighted_filter  pid.o
    0x08004370   0x08004370   0x0000013c   Code   RO         5035    i.Velocity_pin      pid.o
    0x080044ac   0x080044ac   0x00000028   Code   RO         5359    i.__ARM_fpclassify  m_ws.l(fpclassify.o)
    0x080044d4   0x080044d4   0x000000aa   Code   RO         5361    i.__kernel_poly     m_ws.l(poly.o)
    0x0800457e   0x0800457e   0x00000002   PAD
    0x08004580   0x08004580   0x00000010   Code   RO         5345    i.__mathlib_dbl_divzero  m_ws.l(dunder.o)
    0x08004590   0x08004590   0x00000006   Code   RO         5346    i.__mathlib_dbl_infnan  m_ws.l(dunder.o)
    0x08004596   0x08004596   0x00000004   Code   RO         5347    i.__mathlib_dbl_infnan2  m_ws.l(dunder.o)
    0x0800459a   0x0800459a   0x0000000c   Code   RO         5348    i.__mathlib_dbl_invalid  m_ws.l(dunder.o)
    0x080045a6   0x080045a6   0x0000000e   Code   RO         5349    i.__mathlib_dbl_overflow  m_ws.l(dunder.o)
    0x080045b4   0x080045b4   0x00000010   Code   RO         5351    i.__mathlib_dbl_underflow  m_ws.l(dunder.o)
    0x080045c4   0x080045c4   0x00000004   Code   RO          413    i._sys_exit         usart.o
    0x080045c8   0x080045c8   0x00000028   Code   RO         5036    i.abs_limit         pid.o
    0x080045f0   0x080045f0   0x0000027c   Code   RO         5277    i.acos              m_ws.l(acos.o)
    0x0800486c   0x0800486c   0x00000068   Code   RO            1    i.all_Init          main.o
    0x080048d4   0x080048d4   0x00000270   Code   RO         5287    i.asin              m_ws.l(asin.o)
    0x08004b44   0x08004b44   0x0000005c   Code   RO          342    i.delay_init        delay.o
    0x08004ba0   0x08004ba0   0x00000040   Code   RO          343    i.delay_ms          delay.o
    0x08004be0   0x08004be0   0x00000048   Code   RO          344    i.delay_us          delay.o
    0x08004c28   0x08004c28   0x0000001c   Code   RO          414    i.fputc             usart.o
    0x08004c44   0x08004c44   0x00000078   Code   RO         4453    i.get_moto_measure  can.o
    0x08004cbc   0x08004cbc   0x00000014   Code   RO         4454    i.get_moto_offset   can.o
    0x08004cd0   0x08004cd0   0x00000038   Code   RO            2    i.main              main.o
    0x08004d08   0x08004d08   0x00000016   Code   RO         4669    i.oled_pow          oled.o
    0x08004d1e   0x08004d1e   0x00000192   Code   RO         5037    i.pid_calc          pid.o
    0x08004eb0   0x08004eb0   0x000000e4   Code   RO         5112    i.pid_first_param_init  moto_ctrl.o
    0x08004f94   0x08004f94   0x000001c8   Code   RO         5113    i.pid_moto_calculation  moto_ctrl.o
    0x0800515c   0x0800515c   0x00000014   Code   RO         5038    i.pid_param_init    pid.o
    0x08005170   0x08005170   0x00000008   Code   RO         5039    i.pid_reset         pid.o
    0x08005178   0x08005178   0x000009d8   Code   RO         5297    i.pow               m_ws.l(pow.o)
    0x08005b50   0x08005b50   0x00000098   Code   RO         3845    i.prvAddCurrentTaskToDelayedList  tasks.o
    0x08005be8   0x08005be8   0x000000b8   Code   RO         3846    i.prvAddNewTaskToReadyList  tasks.o
    0x08005ca0   0x08005ca0   0x00000064   Code   RO         4182    i.prvCheckForValidListAndQueue  timers.o
    0x08005d04   0x08005d04   0x00000064   Code   RO         3847    i.prvCheckTasksWaitingTermination  tasks.o
    0x08005d68   0x08005d68   0x0000002a   Code   RO         3644    i.prvCopyDataFromQueue  queue.o
    0x08005d92   0x08005d92   0x0000007c   Code   RO         3645    i.prvCopyDataToQueue  queue.o
    0x08005e0e   0x08005e0e   0x00000012   Code   RO         3848    i.prvDeleteTCB      tasks.o
    0x08005e20   0x08005e20   0x00000028   Code   RO         4183    i.prvGetNextExpireTime  timers.o
    0x08005e48   0x08005e48   0x0000007c   Code   RO         4312    i.prvHeapInit       heap_4.o
    0x08005ec4   0x08005ec4   0x00000028   Code   RO         3849    i.prvIdleTask       tasks.o
    0x08005eec   0x08005eec   0x0000002a   Code   RO         3647    i.prvInitialiseNewQueue  queue.o
    0x08005f16   0x08005f16   0x000000b4   Code   RO         3850    i.prvInitialiseNewTask  tasks.o
    0x08005fca   0x08005fca   0x00000002   PAD
    0x08005fcc   0x08005fcc   0x00000068   Code   RO         3851    i.prvInitialiseTaskLists  tasks.o
    0x08006034   0x08006034   0x00000068   Code   RO         4313    i.prvInsertBlockIntoFreeList  heap_4.o
    0x0800609c   0x0800609c   0x00000058   Code   RO         4185    i.prvInsertTimerInActiveList  timers.o
    0x080060f4   0x080060f4   0x0000001a   Code   RO         3648    i.prvIsQueueEmpty   queue.o
    0x0800610e   0x0800610e   0x0000001e   Code   RO         3649    i.prvIsQueueFull    queue.o
    0x0800612c   0x0800612c   0x00000064   Code   RO         4186    i.prvProcessExpiredTimer  timers.o
    0x08006190   0x08006190   0x000000f8   Code   RO         4187    i.prvProcessReceivedCommands  timers.o
    0x08006288   0x08006288   0x00000074   Code   RO         4188    i.prvProcessTimerOrBlockTask  timers.o
    0x080062fc   0x080062fc   0x00000034   Code   RO         3853    i.prvResetNextTaskUnblockTime  tasks.o
    0x08006330   0x08006330   0x0000002c   Code   RO         4189    i.prvSampleTimeNow  timers.o
    0x0800635c   0x0800635c   0x000000a0   Code   RO         4190    i.prvSwitchTimerLists  timers.o
    0x080063fc   0x080063fc   0x00000040   Code   RO         4362    i.prvTaskExitError  port.o
    0x0800643c   0x0800643c   0x0000001a   Code   RO         4191    i.prvTimerTask      timers.o
    0x08006456   0x08006456   0x0000007e   Code   RO         3650    i.prvUnlockQueue    queue.o
    0x080064d4   0x080064d4   0x0000013c   Code   RO         4314    i.pvPortMalloc      heap_4.o
    0x08006610   0x08006610   0x00000020   Code   RO         3856    i.pvTaskIncrementMutexHeldCount  tasks.o
    0x08006630   0x08006630   0x00000024   Code   RO         4363    i.pxPortInitialiseStack  port.o
    0x08006654   0x08006654   0x0000006c   Code   RO         4456    i.send_chassis_cur1_4  can.o
    0x080066c0   0x080066c0   0x0000004c   Code   RO         5307    i.sqrt              m_ws.l(sqrt.o)
    0x0800670c   0x0800670c   0x00000120   Code   RO            3    i.start_task        main.o
    0x0800682c   0x0800682c   0x0000000a   Code   RO            4    i.task1_task        main.o
    0x08006836   0x08006836   0x00000002   PAD
    0x08006838   0x08006838   0x00000124   Code   RO          416    i.uart_init         usart.o
    0x0800695c   0x0800695c   0x00000028   Code   RO         3607    i.uxListRemove      list.o
    0x08006984   0x08006984   0x0000001a   Code   RO         3608    i.vListInitialise   list.o
    0x0800699e   0x0800699e   0x00000006   Code   RO         3609    i.vListInitialiseItem  list.o
    0x080069a4   0x080069a4   0x00000034   Code   RO         3610    i.vListInsert       list.o
    0x080069d8   0x080069d8   0x00000018   Code   RO         3611    i.vListInsertEnd    list.o
    0x080069f0   0x080069f0   0x00000054   Code   RO         4365    i.vPortEnterCritical  port.o
    0x08006a44   0x08006a44   0x0000003c   Code   RO         4366    i.vPortExitCritical  port.o
    0x08006a80   0x08006a80   0x00000094   Code   RO         4315    i.vPortFree         heap_4.o
    0x08006b14   0x08006b14   0x00000020   Code   RO         4367    i.vPortSetupTimerInterrupt  port.o
    0x08006b34   0x08006b34   0x00000078   Code   RO         4368    i.vPortValidateInterruptPriority  port.o
    0x08006bac   0x08006bac   0x0000002c   Code   RO         3656    i.vQueueAddToRegistry  queue.o
    0x08006bd8   0x08006bd8   0x0000004a   Code   RO         3660    i.vQueueWaitForMessageRestricted  queue.o
    0x08006c22   0x08006c22   0x00000002   PAD
    0x08006c24   0x08006c24   0x0000005c   Code   RO         3864    i.vTaskDelay        tasks.o
    0x08006c80   0x08006c80   0x000000f4   Code   RO         3866    i.vTaskDelete       tasks.o
    0x08006d74   0x08006d74   0x0000000c   Code   RO         3869    i.vTaskMissedYield  tasks.o
    0x08006d80   0x08006d80   0x00000038   Code   RO         3871    i.vTaskPlaceOnEventList  tasks.o
    0x08006db8   0x08006db8   0x00000040   Code   RO         3872    i.vTaskPlaceOnEventListRestricted  tasks.o
    0x08006df8   0x08006df8   0x000000b0   Code   RO         3874    i.vTaskPriorityInherit  tasks.o
    0x08006ea8   0x08006ea8   0x00000030   Code   RO         3878    i.vTaskSetTimeOutState  tasks.o
    0x08006ed8   0x08006ed8   0x00000094   Code   RO         3879    i.vTaskStartScheduler  tasks.o
    0x08006f6c   0x08006f6c   0x00000010   Code   RO         3881    i.vTaskSuspendAll   tasks.o
    0x08006f7c   0x08006f7c   0x0000008c   Code   RO         3882    i.vTaskSwitchContext  tasks.o
    0x08007008   0x08007008   0x000000a0   Code   RO         4369    i.xPortStartScheduler  port.o
    0x080070a8   0x080070a8   0x00000034   Code   RO         4370    i.xPortSysTickHandler  port.o
    0x080070dc   0x080070dc   0x00000058   Code   RO         3663    i.xQueueGenericCreate  queue.o
    0x08007134   0x08007134   0x000001c4   Code   RO         3664    i.xQueueGenericReceive  queue.o
    0x080072f8   0x080072f8   0x00000098   Code   RO         3665    i.xQueueGenericReset  queue.o
    0x08007390   0x08007390   0x000001a8   Code   RO         3666    i.xQueueGenericSend  queue.o
    0x08007538   0x08007538   0x000000f8   Code   RO         3667    i.xQueueGenericSendFromISR  queue.o
    0x08007630   0x08007630   0x0000008c   Code   RO         3883    i.xTaskCheckForTimeOut  tasks.o
    0x080076bc   0x080076bc   0x00000060   Code   RO         3884    i.xTaskCreate       tasks.o
    0x0800771c   0x0800771c   0x00000020   Code   RO         3888    i.xTaskGetSchedulerState  tasks.o
    0x0800773c   0x0800773c   0x0000000c   Code   RO         3889    i.xTaskGetTickCount  tasks.o
    0x08007748   0x08007748   0x00000148   Code   RO         3891    i.xTaskIncrementTick  tasks.o
    0x08007890   0x08007890   0x000000c8   Code   RO         3894    i.xTaskPriorityDisinherit  tasks.o
    0x08007958   0x08007958   0x00000098   Code   RO         3895    i.xTaskRemoveFromEventList  tasks.o
    0x080079f0   0x080079f0   0x00000104   Code   RO         3897    i.xTaskResumeAll    tasks.o
    0x08007af4   0x08007af4   0x00000058   Code   RO         4195    i.xTimerCreateTimerTask  timers.o
    0x08007b4c   0x08007b4c   0x00000084   Code   RO         4196    i.xTimerGenericCommand  timers.o
    0x08007bd0   0x08007bd0   0x00000062   Code   RO         5210    x$fpl$d2f           fz_ws.l(d2f.o)
    0x08007c32   0x08007c32   0x00000002   PAD
    0x08007c34   0x08007c34   0x00000150   Code   RO         5212    x$fpl$dadd          fz_ws.l(daddsub_clz.o)
    0x08007d84   0x08007d84   0x00000010   Code   RO         5390    x$fpl$dcheck1       fz_ws.l(dcheck1.o)
    0x08007d94   0x08007d94   0x00000018   Code   RO         5328    x$fpl$dcmpinf       fz_ws.l(dcmpi.o)
    0x08007dac   0x08007dac   0x000002b0   Code   RO         5219    x$fpl$ddiv          fz_ws.l(ddiv.o)
    0x0800805c   0x0800805c   0x0000005e   Code   RO         5222    x$fpl$dfix          fz_ws.l(dfix.o)
    0x080080ba   0x080080ba   0x00000002   PAD
    0x080080bc   0x080080bc   0x0000005a   Code   RO         5226    x$fpl$dfixu         fz_ws.l(dfixu.o)
    0x08008116   0x08008116   0x0000002e   Code   RO         5231    x$fpl$dflt          fz_ws.l(dflt_clz.o)
    0x08008144   0x08008144   0x00000026   Code   RO         5230    x$fpl$dfltu         fz_ws.l(dflt_clz.o)
    0x0800816a   0x0800816a   0x00000002   PAD
    0x0800816c   0x0800816c   0x00000078   Code   RO         5236    x$fpl$dleqf         fz_ws.l(dleqf.o)
    0x080081e4   0x080081e4   0x00000154   Code   RO         5238    x$fpl$dmul          fz_ws.l(dmul.o)
    0x08008338   0x08008338   0x0000009c   Code   RO         5330    x$fpl$dnaninf       fz_ws.l(dnaninf.o)
    0x080083d4   0x080083d4   0x0000000c   Code   RO         5332    x$fpl$dretinf       fz_ws.l(dretinf.o)
    0x080083e0   0x080083e0   0x0000006c   Code   RO         5240    x$fpl$drleqf        fz_ws.l(drleqf.o)
    0x0800844c   0x0800844c   0x00000016   Code   RO         5213    x$fpl$drsb          fz_ws.l(daddsub_clz.o)
    0x08008462   0x08008462   0x00000002   PAD
    0x08008464   0x08008464   0x000001cc   Code   RO         5334    x$fpl$dsqrt         fz_ws.l(dsqrt_noumaal.o)
    0x08008630   0x08008630   0x000001d4   Code   RO         5214    x$fpl$dsub          fz_ws.l(daddsub_clz.o)
    0x08008804   0x08008804   0x00000056   Code   RO         5242    x$fpl$f2d           fz_ws.l(f2d.o)
    0x0800885a   0x0800885a   0x00000002   PAD
    0x0800885c   0x0800885c   0x000000c4   Code   RO         5244    x$fpl$fadd          fz_ws.l(faddsub_clz.o)
    0x08008920   0x08008920   0x00000018   Code   RO         5336    x$fpl$fcmpinf       fz_ws.l(fcmpi.o)
    0x08008938   0x08008938   0x00000184   Code   RO         5251    x$fpl$fdiv          fz_ws.l(fdiv.o)
    0x08008abc   0x08008abc   0x00000068   Code   RO         5254    x$fpl$feqf          fz_ws.l(feqf.o)
    0x08008b24   0x08008b24   0x00000036   Code   RO         5256    x$fpl$ffix          fz_ws.l(ffix.o)
    0x08008b5a   0x08008b5a   0x00000002   PAD
    0x08008b5c   0x08008b5c   0x0000003e   Code   RO         5260    x$fpl$ffixu         fz_ws.l(ffixu.o)
    0x08008b9a   0x08008b9a   0x00000002   PAD
    0x08008b9c   0x08008b9c   0x00000030   Code   RO         5265    x$fpl$fflt          fz_ws.l(fflt_clz.o)
    0x08008bcc   0x08008bcc   0x00000026   Code   RO         5264    x$fpl$ffltu         fz_ws.l(fflt_clz.o)
    0x08008bf2   0x08008bf2   0x00000002   PAD
    0x08008bf4   0x08008bf4   0x00000068   Code   RO         5270    x$fpl$fleqf         fz_ws.l(fleqf.o)
    0x08008c5c   0x08008c5c   0x00000102   Code   RO         5272    x$fpl$fmul          fz_ws.l(fmul.o)
    0x08008d5e   0x08008d5e   0x0000008c   Code   RO         5338    x$fpl$fnaninf       fz_ws.l(fnaninf.o)
    0x08008dea   0x08008dea   0x0000000a   Code   RO         5340    x$fpl$fretinf       fz_ws.l(fretinf.o)
    0x08008df4   0x08008df4   0x00000062   Code   RO         5274    x$fpl$frleqf        fz_ws.l(frleqf.o)
    0x08008e56   0x08008e56   0x00000014   Code   RO         5245    x$fpl$frsb          fz_ws.l(faddsub_clz.o)
    0x08008e6a   0x08008e6a   0x00000002   PAD
    0x08008e6c   0x08008e6c   0x000000ea   Code   RO         5246    x$fpl$fsub          fz_ws.l(faddsub_clz.o)
    0x08008f56   0x08008f56   0x00000064   Code   RO         5407    x$fpl$retnan        fz_ws.l(retnan.o)
    0x08008fba   0x08008fba   0x0000005c   Code   RO         5342    x$fpl$scalbn        fz_ws.l(scalbn.o)
    0x08009016   0x08009016   0x00000030   Code   RO         5456    x$fpl$trapveneer    fz_ws.l(trapv.o)
    0x08009046   0x08009046   0x00000000   Code   RO         5344    x$fpl$usenofp       fz_ws.l(usenofp.o)
    0x08009046   0x08009046   0x00000818   Data   RO         4670    .constdata          oled.o
    0x0800985e   0x0800985e   0x00000002   PAD
    0x08009860   0x08009860   0x00000050   Data   RO         5278    .constdata          m_ws.l(acos.o)
    0x080098b0   0x080098b0   0x00000050   Data   RO         5288    .constdata          m_ws.l(asin.o)
    0x08009900   0x08009900   0x00000088   Data   RO         5298    .constdata          m_ws.l(pow.o)
    0x08009988   0x08009988   0x00000008   Data   RO         5363    .constdata          m_ws.l(qnan.o)
    0x08009990   0x08009990   0x00000020   Data   RO         5533    Region$$Table       anon$$obj.o


    Execution Region ER_RW (Exec base: 0x20000000, Load base: 0x080099b0, Size: 0x000001a0, Max: 0xffffffff, ABSOLUTE, COMPRESSED[0x00000048])

    Exec Addr    Load Addr    Size         Type   Attr      Idx    E Section Name        Object

    0x20000000   COMPRESSED   0x00000034   Data   RW            6    .data               main.o
    0x20000034   COMPRESSED   0x00000014   Data   RW          311    .data               system_stm32f10x.o
    0x20000048   COMPRESSED   0x00000004   Data   RW          346    .data               delay.o
    0x2000004c   COMPRESSED   0x0000000b   Data   RW          422    .data               usart.o
    0x20000057   COMPRESSED   0x00000014   Data   RW         2120    .data               stm32f10x_rcc.o
    0x2000006b   COMPRESSED   0x00000001   PAD
    0x2000006c   COMPRESSED   0x0000003c   Data   RW         3900    .data               tasks.o
    0x200000a8   COMPRESSED   0x00000014   Data   RW         4202    .data               timers.o
    0x200000bc   COMPRESSED   0x00000018   Data   RW         4320    .data               heap_4.o
    0x200000d4   COMPRESSED   0x0000000c   Data   RW         4371    .data               port.o
    0x200000e0   COMPRESSED   0x00000005   Data   RW         4459    .data               can.o
    0x200000e5   COMPRESSED   0x00000003   PAD
    0x200000e8   COMPRESSED   0x00000010   Data   RW         4516    .data               leg_control.o
    0x200000f8   COMPRESSED   0x00000002   Data   RW         4553    .data               lora_usart2.o
    0x200000fa   COMPRESSED   0x00000002   PAD
    0x200000fc   COMPRESSED   0x0000002e   Data   RW         4593    .data               jy901_usart3.o
    0x2000012a   COMPRESSED   0x00000004   Data   RW         4835    .data               pan_tilt.o
    0x2000012e   COMPRESSED   0x00000009   Data   RW         4913    .data               adc.o
    0x20000137   COMPRESSED   0x00000001   PAD
    0x20000138   COMPRESSED   0x00000030   Data   RW         4962    .data               systemcontrol.o
    0x20000168   COMPRESSED   0x00000038   Data   RW         5114    .data               moto_ctrl.o


    Execution Region ER_ZI (Exec base: 0x200001a0, Load base: 0x080099f8, Size: 0x00003480, Max: 0xffffffff, ABSOLUTE)

    Exec Addr    Load Addr    Size         Type   Attr      Idx    E Section Name        Object

    0x200001a0        -       0x0000005d   Zero   RW          421    .bss                usart.o
    0x200001fd   0x080099f8   0x00000003   PAD
    0x20000200        -       0x00000040   Zero   RW         3675    .bss                queue.o
    0x20000240        -       0x000000c8   Zero   RW         3899    .bss                tasks.o
    0x20000308        -       0x00000028   Zero   RW         4201    .bss                timers.o
    0x20000330        -       0x00002800   Zero   RW         4319    .bss                heap_4.o
    0x20002b30        -       0x000001a8   Zero   RW         4458    .bss                can.o
    0x20002cd8        -       0x00000024   Zero   RW         4552    .bss                lora_usart2.o
    0x20002cfc        -       0x00000084   Zero   RW         4592    .bss                jy901_usart3.o
    0x20002d80        -       0x00000050   Zero   RW         4961    .bss                systemcontrol.o
    0x20002dd0        -       0x000001ec   Zero   RW         5040    .bss                pid.o
    0x20002fbc        -       0x00000060   Zero   RW         5393    .bss                c_w.l(libspace.o)
    0x2000301c   0x080099f8   0x00000004   PAD
    0x20003020        -       0x00000200   Zero   RW          517    HEAP                startup_stm32f10x_hd.o
    0x20003220        -       0x00000400   Zero   RW          516    STACK               startup_stm32f10x_hd.o


==============================================================================

Image component sizes


      Code (inc. data)   RO Data    RW Data    ZI Data      Debug   Object Name

       668         84          0          9          0       3993   adc.o
       756         54          0          5        424       6347   can.o
       244         26          0          4          0       2333   delay.o
       422         32          0          0          0       3820   dht11.o
         0          0          0          0          0      11876   event_groups.o
        40          6          0          0          0        491   gpio.o
       692         62          0         24      10240       4279   heap_4.o
       700         74          0         46        132       4308   jy901_usart3.o
      1912        236          0         16          0       3616   leg_control.o
       148          0          0          0          0       3054   list.o
       396         40          0          2         36       3245   lora_usart2.o
       458        168          0         52          0     292521   main.o
       172         22          0          0          0       2061   misc.o
      1124        204          0         56          0       4911   moto_ctrl.o
      1510         42       2072          0          0      10438   oled.o
       372         36          0          4          0       1665   pan_tilt.o
      1626        112          0          0        492       9362   pid.o
       758         80          0         12          0      10657   port.o
      1872         22          0          0         64      15529   queue.o
        64         26        304          0       1536        792   startup_stm32f10x_hd.o
       486         24          0          0          0       8614   stm32f10x_adc.o
      1252         28          0          0          0       5101   stm32f10x_can.o
       518         26          0          0          0       6277   stm32f10x_dma.o
       430          6          0          0          0       3878   stm32f10x_gpio.o
        20          0          0          0          0       2485   stm32f10x_it.o
       364         50          0         20          0       6134   stm32f10x_rcc.o
       982         92          0          0          0      12017   stm32f10x_tim.o
       456          6          0          0          0       6235   stm32f10x_usart.o
         0          0          0          0          0         32   sys.o
       328         28          0         20          0       2097   system_stm32f10x.o
      2196        404          0         48         80       8805   systemcontrol.o
      3078        410          0         60        200      22175   tasks.o
      1142        118          0         20         40      16955   timers.o
       744        100          0         11         93       6866   usart.o

    ----------------------------------------------------------------------
     25968       2618       2410        416      13340     502969   Object Totals
         0          0         32          0          0          0   (incl. Generated)
        38          0          2          7          3          0   (incl. Padding)

    ----------------------------------------------------------------------

      Code (inc. data)   RO Data    RW Data    ZI Data      Debug   Library Member Name

        90          0          0          0          0          0   __dczerorl2.o
         8          0          0          0          0         68   __main.o
       104          0          0          0          0         84   __printf.o
         0          0          0          0          0          0   __rtentry.o
        12          0          0          0          0          0   __rtentry2.o
         6          0          0          0          0          0   __rtentry4.o
        52          8          0          0          0          0   __scatter.o
        28          0          0          0          0          0   __scatter_zi.o
        48          6          0          0          0         96   _printf_char_common.o
        36          4          0          0          0         80   _printf_char_file.o
         6          0          0          0          0          0   _printf_d.o
       120         16          0          0          0         92   _printf_dec.o
       178          0          0          0          0         88   _printf_intcommon.o
         0          0          0          0          0          0   _printf_percent.o
         4          0          0          0          0          0   _printf_percent_end.o
        22          0          0          0          0        100   _rserrno.o
        16          0          0          0          0         68   aeabi_memset.o
        18          0          0          0          0         80   exit.o
         8          0          0          0          0         68   ferror.o
         6          0          0          0          0        152   heapauxi.o
         2          0          0          0          0          0   libinit.o
         2          0          0          0          0          0   libinit2.o
         2          0          0          0          0          0   libshutdown.o
         2          0          0          0          0          0   libshutdown2.o
         8          4          0          0         96         68   libspace.o
        24          4          0          0          0         84   noretval__2printf.o
         8          4          0          0          0         68   rt_errno_addr_intlibspace.o
        68          0          0          0          0         68   rt_memclr.o
        78          0          0          0          0         80   rt_memclr_w.o
       138          0          0          0          0         68   rt_memcpy_v6.o
       100          0          0          0          0         80   rt_memcpy_w.o
         2          0          0          0          0          0   rtexit.o
        10          0          0          0          0          0   rtexit2.o
        74          0          0          0          0         80   sys_stackheap_outer.o
         2          0          0          0          0         68   use_no_semi.o
         2          0          0          0          0         68   use_no_semi_2.o
        98          4          0          0          0         92   d2f.o
       826         16          0          0          0        348   daddsub_clz.o
        16          4          0          0          0         68   dcheck1.o
        24          0          0          0          0         68   dcmpi.o
       688        140          0          0          0        208   ddiv.o
        94          4          0          0          0         92   dfix.o
        90          4          0          0          0         92   dfixu.o
        84          0          0          0          0        136   dflt_clz.o
       120          4          0          0          0         92   dleqf.o
       340         12          0          0          0        104   dmul.o
       156          4          0          0          0         92   dnaninf.o
        12          0          0          0          0         68   dretinf.o
       108          0          0          0          0         80   drleqf.o
       460         56          0          0          0        120   dsqrt_noumaal.o
        86          4          0          0          0         84   f2d.o
       450          8          0          0          0        236   faddsub_clz.o
        24          0          0          0          0         68   fcmpi.o
       388         76          0          0          0         96   fdiv.o
       104          4          0          0          0         84   feqf.o
        54          4          0          0          0         84   ffix.o
        62          4          0          0          0         84   ffixu.o
        86          0          0          0          0        136   fflt_clz.o
       104          4          0          0          0         84   fleqf.o
       258          4          0          0          0         84   fmul.o
       140          4          0          0          0         84   fnaninf.o
        10          0          0          0          0         68   fretinf.o
        98          0          0          0          0         68   frleqf.o
       100          0          0          0          0         68   retnan.o
        92          0          0          0          0         68   scalbn.o
        48          0          0          0          0         68   trapv.o
         0          0          0          0          0          0   usenofp.o
       636         62         80          0          0        188   acos.o
       624         52         80          0          0        168   asin.o
        68         10          0          0          0        408   dunder.o
        40          0          0          0          0         68   fpclassify.o
       170          0          0          0          0         96   poly.o
      2520        190        136          0          0        324   pow.o
         0          0          8          0          0          0   qnan.o
        76          0          0          0          0         84   sqrt.o

    ----------------------------------------------------------------------
     10662        720        304          0        100       6168   Library Totals
        24          0          0          0          4          0   (incl. Padding)

    ----------------------------------------------------------------------

      Code (inc. data)   RO Data    RW Data    ZI Data      Debug   Library Name

      1284         46          0          0         96       1708   c_w.l
      5220        360          0          0          0       3124   fz_ws.l
      4134        314        304          0          0       1336   m_ws.l

    ----------------------------------------------------------------------
     10662        720        304          0        100       6168   Library Totals

    ----------------------------------------------------------------------

==============================================================================


      Code (inc. data)   RO Data    RW Data    ZI Data      Debug   

     36630       3338       2714        416      13440     493845   Grand Totals
     36630       3338       2714         72      13440     493845   ELF Image Totals (compressed)
     36630       3338       2714         72          0          0   ROM Totals

==============================================================================

    Total RO  Size (Code + RO Data)                39344 (  38.42kB)
    Total RW  Size (RW Data + ZI Data)             13856 (  13.53kB)
    Total ROM Size (Code + RO Data + RW Data)      39416 (  38.49kB)

==============================================================================

