<html>
<body>
<pre>
<h1>礦ision Build Log</h1>
<h2>Tool Versions:</h2>
IDE-Version: μVision V5.36.0.0
Copyright (C) 2021 ARM Ltd and ARM Germany GmbH. All rights reserved.
License Information: AA AA, HP Inc., LIC=32B1Q-N6AQL-QD6KD-8MXF2-5IIF6-MH5Q9
 
Tool Versions:
Toolchain:       MDK-ARM Plus  Version: 5.36.0.0
Toolchain Path:  D:\install\keil5\ARM\ARMCC\Bin
C Compiler:      Armcc.exe V5.06 update 7 (build 960)
Assembler:       Armasm.exe V5.06 update 7 (build 960)
Linker/Locator:  ArmLink.exe V5.06 update 7 (build 960)
Library Manager: ArmAr.exe V5.06 update 7 (build 960)
Hex Converter:   FromElf.exe V5.06 update 7 (build 960)
CPU DLL:         SARMCM3.DLL V5.36.0.0
Dialog DLL:      DCM.DLL V1.17.3.0
Target DLL:      CMSIS_AGDI.dll V1.33.0.0
Dialog DLL:      TCM.DLL V1.53.0.0
 
<h2>Project:</h2>
D:\毕业设计\代码\双足轮式机器人_V3.3_ESP32遥控\USER\Template.uvprojx
Project File Date:  09/22/2022

<h2>Output:</h2>
*** Using Compiler 'V5.06 update 7 (build 960)', folder: 'D:\install\keil5\ARM\ARMCC\Bin'
Build target 'Template'
compiling systemcontrol.c...
..\SYSTEM\usart\usart.h(16): warning:  #1295-D: Deprecated declaration Usart1_UpdataAPP - give arg types
  void Usart1_UpdataAPP();
..\HARDWARE\JY901_USART3\jy901_usart3.h(8): warning:  #1295-D: Deprecated declaration JY910_Set - give arg types
  void JY910_Set();
..\HARDWARE\GPIO\gpio.h(13): warning:  #1-D: last line of file ends without a newline
  #endif
..\HARDWARE\ADC\adc.h(14): warning:  #1295-D: Deprecated declaration Read_ADC_AverageValue - give arg types
  void Read_ADC_AverageValue();
..\HARDWARE\ADC\adc.h(15): warning:  #1295-D: Deprecated declaration Adc_Init - give arg types
  void Adc_Init();
..\PID\moto_ctrl.h(22): warning:  #1295-D: Deprecated declaration Set_Median_Height - give arg types
  void Set_Median_Height();
..\PID\moto_ctrl.h(23): warning:  #1295-D: Deprecated declaration Start_Up - give arg types
  void Start_Up();
..\PID\moto_ctrl.h(24): warning:  #1295-D: Deprecated declaration Pick_Up - give arg types
  void Pick_Up();
..\PID\moto_ctrl.h(25): warning:  #1295-D: Deprecated declaration Get_Median - give arg types
  void Get_Median();
..\HARDWARE\System_Control\systemcontrol.c: 9 warnings, 0 errors
compiling oled.c...
..\SYSTEM\usart\usart.h(16): warning:  #1295-D: Deprecated declaration Usart1_UpdataAPP - give arg types
  void Usart1_UpdataAPP();
..\HARDWARE\JY901_USART3\jy901_usart3.h(8): warning:  #1295-D: Deprecated declaration JY910_Set - give arg types
  void JY910_Set();
..\HARDWARE\GPIO\gpio.h(13): warning:  #1-D: last line of file ends without a newline
  #endif
..\HARDWARE\ADC\adc.h(14): warning:  #1295-D: Deprecated declaration Read_ADC_AverageValue - give arg types
  void Read_ADC_AverageValue();
..\HARDWARE\ADC\adc.h(15): warning:  #1295-D: Deprecated declaration Adc_Init - give arg types
  void Adc_Init();
..\PID\moto_ctrl.h(22): warning:  #1295-D: Deprecated declaration Set_Median_Height - give arg types
  void Set_Median_Height();
..\PID\moto_ctrl.h(23): warning:  #1295-D: Deprecated declaration Start_Up - give arg types
  void Start_Up();
..\PID\moto_ctrl.h(24): warning:  #1295-D: Deprecated declaration Pick_Up - give arg types
  void Pick_Up();
..\PID\moto_ctrl.h(25): warning:  #1295-D: Deprecated declaration Get_Median - give arg types
  void Get_Median();
..\HARDWARE\OLED\oled.c: 9 warnings, 0 errors
linking...
Program Size: Code=36630 RO-data=2714 RW-data=416 ZI-data=13440  
FromELF: creating hex file...
"..\OBJ\Template.axf" - 0 Error(s), 18 Warning(s).

<h2>Software Packages used:</h2>

Package Vendor: Keil
                http://www.keil.com/pack/Keil.STM32F1xx_DFP.1.0.5.pack
                Keil.STM32F1xx_DFP.1.0.5
                STMicroelectronics STM32F1 Series Device Support, Drivers and Examples

<h2>Collection of Component include folders:</h2>
  D:\install\keil5\ARM\PACK\Keil\STM32F1xx_DFP\1.0.5\Device\Include

<h2>Collection of Component Files used:</h2>
Build Time Elapsed:  00:00:02
</pre>
</body>
</html>
